Archive member included because of file (symbol)

c:/program files (x86)/atmel/atmel toolchain/avr8 gcc/native/3.4.2.1002/avr8-gnu-toolchain/bin/../lib/gcc/avr/4.7.2/avr51\libgcc.a(_exit.o)
                              c:/program files (x86)/atmel/atmel toolchain/avr8 gcc/native/3.4.2.1002/avr8-gnu-toolchain/bin/../lib/gcc/avr/4.7.2/../../../../avr/lib/avr51/crtm1284p.o (exit)
c:/program files (x86)/atmel/atmel toolchain/avr8 gcc/native/3.4.2.1002/avr8-gnu-toolchain/bin/../lib/gcc/avr/4.7.2/avr51\libgcc.a(_clear_bss.o)
                              Control_module.o (__do_clear_bss)

Allocating common symbols
Common symbol       size              file

robot_arm_data      0x1               Control_module.o
sensor_data         0x1               Control_module.o
wheel_steering_data
                    0x1               Control_module.o
leftWheelSpeed      0x1               Control_module.o
joint2_Pos          0x2               Control_module.o
rightWheelSpeed     0x1               Control_module.o
component           0x1               Control_module.o
joint1_Pos          0x2               Control_module.o
prevError           0x1               Control_module.o
leftWheelDirection  0x1               Control_module.o
data                0x1               Control_module.o
waiting_for_instruction
                    0x1               Control_module.o
joint3_Pos          0x2               Control_module.o
error               0x1               Control_module.o
rightWheelDirection
                    0x1               Control_module.o
joint5_Pos          0x2               Control_module.o
joint4_Pos          0x2               Control_module.o
joint6_Pos          0x2               Control_module.o

Discarded input sections

 .bss           0x00000000        0x0 c:/program files (x86)/atmel/atmel toolchain/avr8 gcc/native/3.4.2.1002/avr8-gnu-toolchain/bin/../lib/gcc/avr/4.7.2/../../../../avr/lib/avr51/crtm1284p.o
 .text          0x00000000        0x0 Control_module.o
 .bss           0x00000000        0x0 Control_module.o
 .text          0x00000000        0x0 Control_wheel_steering.o
 .bss           0x00000000        0x0 Control_wheel_steering.o
 .text.drive_forward
                0x00000000       0x16 Control_wheel_steering.o
 .text.drive_backwards
                0x00000000       0x16 Control_wheel_steering.o
 .text.stop     0x00000000       0x16 Control_wheel_steering.o
 .text.drive_right_forward
                0x00000000       0x1a Control_wheel_steering.o
 .text.drive_left_forward
                0x00000000       0x1a Control_wheel_steering.o
 .text          0x00000000        0x0 Servo.o
 .bss           0x00000000        0x0 Servo.o
 .text.Arm_Init
                0x00000000       0x1a Servo.o
 .text.default_Position
                0x00000000       0x9e Servo.o
 .text.drop_Item
                0x00000000       0xb4 Servo.o
 .text          0x00000000        0x0 Slave_control.o
 .bss           0x00000000        0x0 Slave_control.o
 .text.Slave_TX
                0x00000000        0x8 Slave_control.o
 .text          0x00000000        0x0 c:/program files (x86)/atmel/atmel toolchain/avr8 gcc/native/3.4.2.1002/avr8-gnu-toolchain/bin/../lib/gcc/avr/4.7.2/avr51\libgcc.a(_exit.o)
 .bss           0x00000000        0x0 c:/program files (x86)/atmel/atmel toolchain/avr8 gcc/native/3.4.2.1002/avr8-gnu-toolchain/bin/../lib/gcc/avr/4.7.2/avr51\libgcc.a(_exit.o)
 .text.libgcc.mul
                0x00000000        0x0 c:/program files (x86)/atmel/atmel toolchain/avr8 gcc/native/3.4.2.1002/avr8-gnu-toolchain/bin/../lib/gcc/avr/4.7.2/avr51\libgcc.a(_exit.o)
 .text.libgcc.div
                0x00000000        0x0 c:/program files (x86)/atmel/atmel toolchain/avr8 gcc/native/3.4.2.1002/avr8-gnu-toolchain/bin/../lib/gcc/avr/4.7.2/avr51\libgcc.a(_exit.o)
 .text.libgcc   0x00000000        0x0 c:/program files (x86)/atmel/atmel toolchain/avr8 gcc/native/3.4.2.1002/avr8-gnu-toolchain/bin/../lib/gcc/avr/4.7.2/avr51\libgcc.a(_exit.o)
 .text.libgcc.prologue
                0x00000000        0x0 c:/program files (x86)/atmel/atmel toolchain/avr8 gcc/native/3.4.2.1002/avr8-gnu-toolchain/bin/../lib/gcc/avr/4.7.2/avr51\libgcc.a(_exit.o)
 .text.libgcc.builtins
                0x00000000        0x0 c:/program files (x86)/atmel/atmel toolchain/avr8 gcc/native/3.4.2.1002/avr8-gnu-toolchain/bin/../lib/gcc/avr/4.7.2/avr51\libgcc.a(_exit.o)
 .text.libgcc.fmul
                0x00000000        0x0 c:/program files (x86)/atmel/atmel toolchain/avr8 gcc/native/3.4.2.1002/avr8-gnu-toolchain/bin/../lib/gcc/avr/4.7.2/avr51\libgcc.a(_exit.o)
 .text          0x00000000        0x0 c:/program files (x86)/atmel/atmel toolchain/avr8 gcc/native/3.4.2.1002/avr8-gnu-toolchain/bin/../lib/gcc/avr/4.7.2/avr51\libgcc.a(_clear_bss.o)
 .bss           0x00000000        0x0 c:/program files (x86)/atmel/atmel toolchain/avr8 gcc/native/3.4.2.1002/avr8-gnu-toolchain/bin/../lib/gcc/avr/4.7.2/avr51\libgcc.a(_clear_bss.o)
 .text.libgcc.mul
                0x00000000        0x0 c:/program files (x86)/atmel/atmel toolchain/avr8 gcc/native/3.4.2.1002/avr8-gnu-toolchain/bin/../lib/gcc/avr/4.7.2/avr51\libgcc.a(_clear_bss.o)
 .text.libgcc.div
                0x00000000        0x0 c:/program files (x86)/atmel/atmel toolchain/avr8 gcc/native/3.4.2.1002/avr8-gnu-toolchain/bin/../lib/gcc/avr/4.7.2/avr51\libgcc.a(_clear_bss.o)
 .text.libgcc   0x00000000        0x0 c:/program files (x86)/atmel/atmel toolchain/avr8 gcc/native/3.4.2.1002/avr8-gnu-toolchain/bin/../lib/gcc/avr/4.7.2/avr51\libgcc.a(_clear_bss.o)
 .text.libgcc.prologue
                0x00000000        0x0 c:/program files (x86)/atmel/atmel toolchain/avr8 gcc/native/3.4.2.1002/avr8-gnu-toolchain/bin/../lib/gcc/avr/4.7.2/avr51\libgcc.a(_clear_bss.o)
 .text.libgcc.builtins
                0x00000000        0x0 c:/program files (x86)/atmel/atmel toolchain/avr8 gcc/native/3.4.2.1002/avr8-gnu-toolchain/bin/../lib/gcc/avr/4.7.2/avr51\libgcc.a(_clear_bss.o)
 .text.libgcc.fmul
                0x00000000        0x0 c:/program files (x86)/atmel/atmel toolchain/avr8 gcc/native/3.4.2.1002/avr8-gnu-toolchain/bin/../lib/gcc/avr/4.7.2/avr51\libgcc.a(_clear_bss.o)

Memory Configuration

Name             Origin             Length             Attributes
text             0x00000000         0x00020000         xr
data             0x00800100         0x0000ff00         rw !x
eeprom           0x00810000         0x00010000         rw !x
fuse             0x00820000         0x00000400         rw !x
lock             0x00830000         0x00000400         rw !x
signature        0x00840000         0x00000400         rw !x
user_signatures  0x00850000         0x00000400         rw !x
*default*        0x00000000         0xffffffff

Linker script and memory map

Address of section .data set to 0x800100
LOAD c:/program files (x86)/atmel/atmel toolchain/avr8 gcc/native/3.4.2.1002/avr8-gnu-toolchain/bin/../lib/gcc/avr/4.7.2/../../../../avr/lib/avr51/crtm1284p.o
LOAD Control_module.o
LOAD Control_wheel_steering.o
LOAD Servo.o
LOAD Slave_control.o
START GROUP
LOAD c:/program files (x86)/atmel/atmel toolchain/avr8 gcc/native/3.4.2.1002/avr8-gnu-toolchain/bin/../lib/gcc/avr/4.7.2/../../../../avr/lib/avr51\libm.a
END GROUP
LOAD c:/program files (x86)/atmel/atmel toolchain/avr8 gcc/native/3.4.2.1002/avr8-gnu-toolchain/bin/../lib/gcc/avr/4.7.2/avr51\libgcc.a
LOAD c:/program files (x86)/atmel/atmel toolchain/avr8 gcc/native/3.4.2.1002/avr8-gnu-toolchain/bin/../lib/gcc/avr/4.7.2/../../../../avr/lib/avr51\libc.a
LOAD c:/program files (x86)/atmel/atmel toolchain/avr8 gcc/native/3.4.2.1002/avr8-gnu-toolchain/bin/../lib/gcc/avr/4.7.2/avr51\libgcc.a

.hash
 *(.hash)

.dynsym
 *(.dynsym)

.dynstr
 *(.dynstr)

.gnu.version
 *(.gnu.version)

.gnu.version_d
 *(.gnu.version_d)

.gnu.version_r
 *(.gnu.version_r)

.rel.init
 *(.rel.init)

.rela.init
 *(.rela.init)

.rel.text
 *(.rel.text)
 *(.rel.text.*)
 *(.rel.gnu.linkonce.t*)

.rela.text
 *(.rela.text)
 *(.rela.text.*)
 *(.rela.gnu.linkonce.t*)

.rel.fini
 *(.rel.fini)

.rela.fini
 *(.rela.fini)

.rel.rodata
 *(.rel.rodata)
 *(.rel.rodata.*)
 *(.rel.gnu.linkonce.r*)

.rela.rodata
 *(.rela.rodata)
 *(.rela.rodata.*)
 *(.rela.gnu.linkonce.r*)

.rel.data
 *(.rel.data)
 *(.rel.data.*)
 *(.rel.gnu.linkonce.d*)

.rela.data
 *(.rela.data)
 *(.rela.data.*)
 *(.rela.gnu.linkonce.d*)

.rel.ctors
 *(.rel.ctors)

.rela.ctors
 *(.rela.ctors)

.rel.dtors
 *(.rel.dtors)

.rela.dtors
 *(.rela.dtors)

.rel.got
 *(.rel.got)

.rela.got
 *(.rela.got)

.rel.bss
 *(.rel.bss)

.rela.bss
 *(.rela.bss)

.rel.plt
 *(.rel.plt)

.rela.plt
 *(.rela.plt)

.text           0x00000000      0x7f8
 *(.vectors)
 .vectors       0x00000000       0x8c c:/program files (x86)/atmel/atmel toolchain/avr8 gcc/native/3.4.2.1002/avr8-gnu-toolchain/bin/../lib/gcc/avr/4.7.2/../../../../avr/lib/avr51/crtm1284p.o
                0x00000000                __vector_default
                0x00000000                __vectors
 *(.vectors)
 *(.progmem.gcc*)
 *(.progmem*)
                0x0000008c                . = ALIGN (0x2)
                0x0000008c                __trampolines_start = .
 *(.trampolines)
 .trampolines   0x0000008c        0x0 linker stubs
 *(.trampolines*)
                0x0000008c                __trampolines_end = .
 *(.jumptables)
 *(.jumptables*)
 *(.lowtext)
 *(.lowtext*)
                0x0000008c                __ctors_start = .
 *(.ctors)
                0x0000008c                __ctors_end = .
                0x0000008c                __dtors_start = .
 *(.dtors)
                0x0000008c                __dtors_end = .
 SORT(*)(.ctors)
 SORT(*)(.dtors)
 *(.init0)
 .init0         0x0000008c        0x0 c:/program files (x86)/atmel/atmel toolchain/avr8 gcc/native/3.4.2.1002/avr8-gnu-toolchain/bin/../lib/gcc/avr/4.7.2/../../../../avr/lib/avr51/crtm1284p.o
                0x0000008c                __init
 *(.init0)
 *(.init1)
 *(.init1)
 *(.init2)
 .init2         0x0000008c        0xc c:/program files (x86)/atmel/atmel toolchain/avr8 gcc/native/3.4.2.1002/avr8-gnu-toolchain/bin/../lib/gcc/avr/4.7.2/../../../../avr/lib/avr51/crtm1284p.o
 *(.init2)
 *(.init3)
 *(.init3)
 *(.init4)
 .init4         0x00000098       0x10 c:/program files (x86)/atmel/atmel toolchain/avr8 gcc/native/3.4.2.1002/avr8-gnu-toolchain/bin/../lib/gcc/avr/4.7.2/avr51\libgcc.a(_clear_bss.o)
                0x00000098                __do_clear_bss
 *(.init4)
 *(.init5)
 *(.init5)
 *(.init6)
 *(.init6)
 *(.init7)
 *(.init7)
 *(.init8)
 *(.init8)
 *(.init9)
 .init9         0x000000a8        0x4 c:/program files (x86)/atmel/atmel toolchain/avr8 gcc/native/3.4.2.1002/avr8-gnu-toolchain/bin/../lib/gcc/avr/4.7.2/../../../../avr/lib/avr51/crtm1284p.o
 *(.init9)
 *(.text)
 .text          0x000000ac        0x2 c:/program files (x86)/atmel/atmel toolchain/avr8 gcc/native/3.4.2.1002/avr8-gnu-toolchain/bin/../lib/gcc/avr/4.7.2/../../../../avr/lib/avr51/crtm1284p.o
                0x000000ac                __vector_22
                0x000000ac                __vector_28
                0x000000ac                __vector_1
                0x000000ac                __vector_32
                0x000000ac                __vector_34
                0x000000ac                __vector_24
                0x000000ac                __vector_12
                0x000000ac                __bad_interrupt
                0x000000ac                __vector_6
                0x000000ac                __vector_31
                0x000000ac                __vector_3
                0x000000ac                __vector_23
                0x000000ac                __vector_30
                0x000000ac                __vector_25
                0x000000ac                __vector_11
                0x000000ac                __vector_13
                0x000000ac                __vector_17
                0x000000ac                __vector_7
                0x000000ac                __vector_27
                0x000000ac                __vector_5
                0x000000ac                __vector_33
                0x000000ac                __vector_4
                0x000000ac                __vector_9
                0x000000ac                __vector_2
                0x000000ac                __vector_21
                0x000000ac                __vector_15
                0x000000ac                __vector_29
                0x000000ac                __vector_8
                0x000000ac                __vector_26
                0x000000ac                __vector_14
                0x000000ac                __vector_10
                0x000000ac                __vector_16
                0x000000ac                __vector_18
                0x000000ac                __vector_20
                0x000000ae                . = ALIGN (0x2)
 *(.text.*)
 .text.__vector_19
                0x000000ae       0xe4 Control_module.o
                0x000000ae                __vector_19
 .text.main     0x00000192        0x6 Control_module.o
                0x00000192                main
 .text.getError
                0x00000198       0xc0 Control_wheel_steering.o
                0x00000198                getError
 .text.calculateSpeed
                0x00000258       0x50 Control_wheel_steering.o
                0x00000258                calculateSpeed
 .text.driving_setup
                0x000002a8       0x30 Control_wheel_steering.o
                0x000002a8                driving_setup
 .text.drive    0x000002d8       0x2c Control_wheel_steering.o
                0x000002d8                drive
 .text.controlAlgorithm
                0x00000304       0x96 Control_wheel_steering.o
                0x00000304                controlAlgorithm
 .text.USART_Transmit
                0x0000039a       0x12 Servo.o
                0x0000039a                USART_Transmit
 .text.move_Single_Servo
                0x000003ac       0x66 Servo.o
                0x000003ac                move_Single_Servo
 .text.move_Double_Servo
                0x00000412       0xb8 Servo.o
                0x00000412                move_Double_Servo
 .text.pickup_Default_Position
                0x000004ca       0x7e Servo.o
                0x000004ca                pickup_Default_Position
 .text.move_Arm
                0x00000548      0x29a Servo.o
                0x00000548                move_Arm
 .text.SPI_Init_Slave
                0x000007e2       0x12 Slave_control.o
                0x000007e2                SPI_Init_Slave
                0x000007f4                . = ALIGN (0x2)
 *(.fini9)
 .fini9         0x000007f4        0x0 c:/program files (x86)/atmel/atmel toolchain/avr8 gcc/native/3.4.2.1002/avr8-gnu-toolchain/bin/../lib/gcc/avr/4.7.2/avr51\libgcc.a(_exit.o)
                0x000007f4                _exit
                0x000007f4                exit
 *(.fini9)
 *(.fini8)
 *(.fini8)
 *(.fini7)
 *(.fini7)
 *(.fini6)
 *(.fini6)
 *(.fini5)
 *(.fini5)
 *(.fini4)
 *(.fini4)
 *(.fini3)
 *(.fini3)
 *(.fini2)
 *(.fini2)
 *(.fini1)
 *(.fini1)
 *(.fini0)
 .fini0         0x000007f4        0x4 c:/program files (x86)/atmel/atmel toolchain/avr8 gcc/native/3.4.2.1002/avr8-gnu-toolchain/bin/../lib/gcc/avr/4.7.2/avr51\libgcc.a(_exit.o)
 *(.fini0)
                0x000007f8                _etext = .

.data           0x00800100        0x0 load address 0x000007f8
                0x00800100                PROVIDE (__data_start, .)
 *(.data)
 .data          0x00800100        0x0 c:/program files (x86)/atmel/atmel toolchain/avr8 gcc/native/3.4.2.1002/avr8-gnu-toolchain/bin/../lib/gcc/avr/4.7.2/../../../../avr/lib/avr51/crtm1284p.o
 .data          0x00800100        0x0 Control_module.o
 .data          0x00800100        0x0 Control_wheel_steering.o
 .data          0x00800100        0x0 Servo.o
 .data          0x00800100        0x0 Slave_control.o
 .data          0x00800100        0x0 c:/program files (x86)/atmel/atmel toolchain/avr8 gcc/native/3.4.2.1002/avr8-gnu-toolchain/bin/../lib/gcc/avr/4.7.2/avr51\libgcc.a(_exit.o)
 .data          0x00800100        0x0 c:/program files (x86)/atmel/atmel toolchain/avr8 gcc/native/3.4.2.1002/avr8-gnu-toolchain/bin/../lib/gcc/avr/4.7.2/avr51\libgcc.a(_clear_bss.o)
 *(.data*)
 *(.rodata)
 *(.rodata*)
 *(.gnu.linkonce.d*)
                0x00800100                . = ALIGN (0x2)
                0x00800100                _edata = .
                0x00800100                PROVIDE (__data_end, .)

.bss            0x00800100       0x18
                0x00800100                PROVIDE (__bss_start, .)
 *(.bss)
 *(.bss*)
 *(COMMON)
 COMMON         0x00800100       0x18 Control_module.o
                0x00800100                robot_arm_data
                0x00800101                sensor_data
                0x00800102                wheel_steering_data
                0x00800103                leftWheelSpeed
                0x00800104                joint2_Pos
                0x00800106                rightWheelSpeed
                0x00800107                component
                0x00800108                joint1_Pos
                0x0080010a                prevError
                0x0080010b                leftWheelDirection
                0x0080010c                data
                0x0080010d                waiting_for_instruction
                0x0080010e                joint3_Pos
                0x00800110                error
                0x00800111                rightWheelDirection
                0x00800112                joint5_Pos
                0x00800114                joint4_Pos
                0x00800116                joint6_Pos
                0x00800118                PROVIDE (__bss_end, .)
                0x000007f8                __data_load_start = LOADADDR (.data)
                0x000007f8                __data_load_end = (__data_load_start + SIZEOF (.data))

.noinit         0x00800118        0x0
                0x00800118                PROVIDE (__noinit_start, .)
 *(.noinit*)
                0x00800118                PROVIDE (__noinit_end, .)
                0x00800118                _end = .
                0x00800118                PROVIDE (__heap_start, .)

.eeprom         0x00810000        0x0
 *(.eeprom*)
                0x00810000                __eeprom_end = .

.fuse
 *(.fuse)
 *(.lfuse)
 *(.hfuse)
 *(.efuse)

.lock
 *(.lock*)

.signature
 *(.signature*)

.user_signatures
 *(.user_signatures*)

.stab           0x00000000      0x6cc
 *(.stab)
 .stab          0x00000000      0x6cc c:/program files (x86)/atmel/atmel toolchain/avr8 gcc/native/3.4.2.1002/avr8-gnu-toolchain/bin/../lib/gcc/avr/4.7.2/../../../../avr/lib/avr51/crtm1284p.o

.stabstr        0x00000000       0x97
 *(.stabstr)
 .stabstr       0x00000000       0x97 c:/program files (x86)/atmel/atmel toolchain/avr8 gcc/native/3.4.2.1002/avr8-gnu-toolchain/bin/../lib/gcc/avr/4.7.2/../../../../avr/lib/avr51/crtm1284p.o

.stab.excl
 *(.stab.excl)

.stab.exclstr
 *(.stab.exclstr)

.stab.index
 *(.stab.index)

.stab.indexstr
 *(.stab.indexstr)

.comment        0x00000000       0x2f
 *(.comment)
 .comment       0x00000000       0x2f Control_module.o
                                 0x30 (size before relaxing)
 .comment       0x00000000       0x30 Control_wheel_steering.o
 .comment       0x00000000       0x30 Servo.o
 .comment       0x00000000       0x30 Slave_control.o

.debug
 *(.debug)

.line
 *(.line)

.debug_srcinfo
 *(.debug_srcinfo)

.debug_sfnames
 *(.debug_sfnames)

.debug_aranges  0x00000000      0x110
 *(.debug_aranges)
 .debug_aranges
                0x00000000       0x28 Control_module.o
 .debug_aranges
                0x00000028       0x68 Control_wheel_steering.o
 .debug_aranges
                0x00000090       0x58 Servo.o
 .debug_aranges
                0x000000e8       0x28 Slave_control.o

.debug_pubnames
 *(.debug_pubnames)

.debug_info     0x00000000     0x137e
 *(.debug_info)
 .debug_info    0x00000000      0x26c Control_module.o
 .debug_info    0x0000026c      0x474 Control_wheel_steering.o
 .debug_info    0x000006e0      0xb83 Servo.o
 .debug_info    0x00001263      0x11b Slave_control.o
 *(.gnu.linkonce.wi.*)

.debug_abbrev   0x00000000      0x45a
 *(.debug_abbrev)
 .debug_abbrev  0x00000000       0xd1 Control_module.o
 .debug_abbrev  0x000000d1      0x154 Control_wheel_steering.o
 .debug_abbrev  0x00000225      0x1a5 Servo.o
 .debug_abbrev  0x000003ca       0x90 Slave_control.o

.debug_line     0x00000000      0xb78
 *(.debug_line)
 .debug_line    0x00000000      0x1bb Control_module.o
 .debug_line    0x000001bb      0x318 Control_wheel_steering.o
 .debug_line    0x000004d3      0x57e Servo.o
 .debug_line    0x00000a51      0x127 Slave_control.o

.debug_frame    0x00000000      0x28c
 *(.debug_frame)
 .debug_frame   0x00000000       0x7c Control_module.o
 .debug_frame   0x0000007c       0xd4 Control_wheel_steering.o
 .debug_frame   0x00000150      0x108 Servo.o
 .debug_frame   0x00000258       0x34 Slave_control.o

.debug_str      0x00000000      0x494
 *(.debug_str)
 .debug_str     0x00000000      0x1e5 Control_module.o
                                0x225 (size before relaxing)
 .debug_str     0x000001e5       0xd6 Control_wheel_steering.o
                                0x282 (size before relaxing)
 .debug_str     0x000002bb      0x1bb Servo.o
                                0x294 (size before relaxing)
 .debug_str     0x00000476       0x1e Slave_control.o
                                0x13f (size before relaxing)

.debug_loc      0x00000000      0xee4
 *(.debug_loc)
 .debug_loc     0x00000000       0xcb Control_module.o
 .debug_loc     0x000000cb      0x24e Control_wheel_steering.o
 .debug_loc     0x00000319      0xbcb Servo.o

.debug_macinfo
 *(.debug_macinfo)

.debug_pubtypes
 *(.debug_pubtypes)

.debug_ranges   0x00000000       0xd0
 *(.debug_ranges)
 .debug_ranges  0x00000000       0x18 Control_module.o
 .debug_ranges  0x00000018       0x58 Control_wheel_steering.o
 .debug_ranges  0x00000070       0x48 Servo.o
 .debug_ranges  0x000000b8       0x18 Slave_control.o

.debug_macro
 *(.debug_macro)
OUTPUT(Control-module.elf elf32-avr)
LOAD linker stubs
