Archive member included because of file (symbol)

c:/program files (x86)/atmel/atmel toolchain/avr8 gcc/native/3.4.2.1002/avr8-gnu-toolchain/bin/../lib/gcc/avr/4.7.2/avr51\libgcc.a(_exit.o)
                              c:/program files (x86)/atmel/atmel toolchain/avr8 gcc/native/3.4.2.1002/avr8-gnu-toolchain/bin/../lib/gcc/avr/4.7.2/../../../../avr/lib/avr51/crtm1284p.o (exit)
c:/program files (x86)/atmel/atmel toolchain/avr8 gcc/native/3.4.2.1002/avr8-gnu-toolchain/bin/../lib/gcc/avr/4.7.2/avr51\libgcc.a(_clear_bss.o)
                              Control_module.o (__do_clear_bss)

Allocating common symbols
Common symbol       size              file

robot_arm_data      0x1               Control_module.o
sensor_data         0x1               Control_module.o
midspeed            0x1               Control_module.o
wheel_steering_data
                    0x1               Control_module.o
leftWheelSpeed      0x1               Control_module.o
joint2_Pos          0x2               Control_module.o
rightWheelSpeed     0x1               Control_module.o
component           0x1               Control_module.o
joint1_Pos          0x2               Control_module.o
prevError           0x1               Control_module.o
leftWheelDirection  0x1               Control_module.o
data                0x1               Control_module.o
waiting_for_instruction
                    0x1               Control_module.o
joint3_Pos          0x2               Control_module.o
error               0x1               Control_module.o
rightWheelDirection
                    0x1               Control_module.o
joint5_Pos          0x2               Control_module.o
joint4_Pos          0x2               Control_module.o
joint6_Pos          0x2               Control_module.o

Discarded input sections

 .bss           0x00000000        0x0 c:/program files (x86)/atmel/atmel toolchain/avr8 gcc/native/3.4.2.1002/avr8-gnu-toolchain/bin/../lib/gcc/avr/4.7.2/../../../../avr/lib/avr51/crtm1284p.o
 .text          0x00000000        0x0 Control_module.o
 .bss           0x00000000        0x0 Control_module.o
 .text          0x00000000        0x0 Control_wheel_steering.o
 .bss           0x00000000        0x0 Control_wheel_steering.o
 .text          0x00000000        0x0 Servo.o
 .bss           0x00000000        0x0 Servo.o
 .text.default_Position
                0x00000000       0x9e Servo.o
 .text.drop_Item
                0x00000000       0xb4 Servo.o
 .text          0x00000000        0x0 Slave_control.o
 .bss           0x00000000        0x0 Slave_control.o
 .text.Slave_TX
                0x00000000        0x8 Slave_control.o
 .text          0x00000000        0x0 c:/program files (x86)/atmel/atmel toolchain/avr8 gcc/native/3.4.2.1002/avr8-gnu-toolchain/bin/../lib/gcc/avr/4.7.2/avr51\libgcc.a(_exit.o)
 .bss           0x00000000        0x0 c:/program files (x86)/atmel/atmel toolchain/avr8 gcc/native/3.4.2.1002/avr8-gnu-toolchain/bin/../lib/gcc/avr/4.7.2/avr51\libgcc.a(_exit.o)
 .text.libgcc.mul
                0x00000000        0x0 c:/program files (x86)/atmel/atmel toolchain/avr8 gcc/native/3.4.2.1002/avr8-gnu-toolchain/bin/../lib/gcc/avr/4.7.2/avr51\libgcc.a(_exit.o)
 .text.libgcc.div
                0x00000000        0x0 c:/program files (x86)/atmel/atmel toolchain/avr8 gcc/native/3.4.2.1002/avr8-gnu-toolchain/bin/../lib/gcc/avr/4.7.2/avr51\libgcc.a(_exit.o)
 .text.libgcc   0x00000000        0x0 c:/program files (x86)/atmel/atmel toolchain/avr8 gcc/native/3.4.2.1002/avr8-gnu-toolchain/bin/../lib/gcc/avr/4.7.2/avr51\libgcc.a(_exit.o)
 .text.libgcc.prologue
                0x00000000        0x0 c:/program files (x86)/atmel/atmel toolchain/avr8 gcc/native/3.4.2.1002/avr8-gnu-toolchain/bin/../lib/gcc/avr/4.7.2/avr51\libgcc.a(_exit.o)
 .text.libgcc.builtins
                0x00000000        0x0 c:/program files (x86)/atmel/atmel toolchain/avr8 gcc/native/3.4.2.1002/avr8-gnu-toolchain/bin/../lib/gcc/avr/4.7.2/avr51\libgcc.a(_exit.o)
 .text.libgcc.fmul
                0x00000000        0x0 c:/program files (x86)/atmel/atmel toolchain/avr8 gcc/native/3.4.2.1002/avr8-gnu-toolchain/bin/../lib/gcc/avr/4.7.2/avr51\libgcc.a(_exit.o)
 .text          0x00000000        0x0 c:/program files (x86)/atmel/atmel toolchain/avr8 gcc/native/3.4.2.1002/avr8-gnu-toolchain/bin/../lib/gcc/avr/4.7.2/avr51\libgcc.a(_clear_bss.o)
 .bss           0x00000000        0x0 c:/program files (x86)/atmel/atmel toolchain/avr8 gcc/native/3.4.2.1002/avr8-gnu-toolchain/bin/../lib/gcc/avr/4.7.2/avr51\libgcc.a(_clear_bss.o)
 .text.libgcc.mul
                0x00000000        0x0 c:/program files (x86)/atmel/atmel toolchain/avr8 gcc/native/3.4.2.1002/avr8-gnu-toolchain/bin/../lib/gcc/avr/4.7.2/avr51\libgcc.a(_clear_bss.o)
 .text.libgcc.div
                0x00000000        0x0 c:/program files (x86)/atmel/atmel toolchain/avr8 gcc/native/3.4.2.1002/avr8-gnu-toolchain/bin/../lib/gcc/avr/4.7.2/avr51\libgcc.a(_clear_bss.o)
 .text.libgcc   0x00000000        0x0 c:/program files (x86)/atmel/atmel toolchain/avr8 gcc/native/3.4.2.1002/avr8-gnu-toolchain/bin/../lib/gcc/avr/4.7.2/avr51\libgcc.a(_clear_bss.o)
 .text.libgcc.prologue
                0x00000000        0x0 c:/program files (x86)/atmel/atmel toolchain/avr8 gcc/native/3.4.2.1002/avr8-gnu-toolchain/bin/../lib/gcc/avr/4.7.2/avr51\libgcc.a(_clear_bss.o)
 .text.libgcc.builtins
                0x00000000        0x0 c:/program files (x86)/atmel/atmel toolchain/avr8 gcc/native/3.4.2.1002/avr8-gnu-toolchain/bin/../lib/gcc/avr/4.7.2/avr51\libgcc.a(_clear_bss.o)
 .text.libgcc.fmul
                0x00000000        0x0 c:/program files (x86)/atmel/atmel toolchain/avr8 gcc/native/3.4.2.1002/avr8-gnu-toolchain/bin/../lib/gcc/avr/4.7.2/avr51\libgcc.a(_clear_bss.o)

Memory Configuration

Name             Origin             Length             Attributes
text             0x00000000         0x00020000         xr
data             0x00800100         0x0000ff00         rw !x
eeprom           0x00810000         0x00010000         rw !x
fuse             0x00820000         0x00000400         rw !x
lock             0x00830000         0x00000400         rw !x
signature        0x00840000         0x00000400         rw !x
user_signatures  0x00850000         0x00000400         rw !x
*default*        0x00000000         0xffffffff

Linker script and memory map

Address of section .data set to 0x800100
LOAD c:/program files (x86)/atmel/atmel toolchain/avr8 gcc/native/3.4.2.1002/avr8-gnu-toolchain/bin/../lib/gcc/avr/4.7.2/../../../../avr/lib/avr51/crtm1284p.o
LOAD Control_module.o
LOAD Control_wheel_steering.o
LOAD Servo.o
LOAD Slave_control.o
START GROUP
LOAD c:/program files (x86)/atmel/atmel toolchain/avr8 gcc/native/3.4.2.1002/avr8-gnu-toolchain/bin/../lib/gcc/avr/4.7.2/../../../../avr/lib/avr51\libm.a
END GROUP
LOAD c:/program files (x86)/atmel/atmel toolchain/avr8 gcc/native/3.4.2.1002/avr8-gnu-toolchain/bin/../lib/gcc/avr/4.7.2/avr51\libgcc.a
LOAD c:/program files (x86)/atmel/atmel toolchain/avr8 gcc/native/3.4.2.1002/avr8-gnu-toolchain/bin/../lib/gcc/avr/4.7.2/../../../../avr/lib/avr51\libc.a
LOAD c:/program files (x86)/atmel/atmel toolchain/avr8 gcc/native/3.4.2.1002/avr8-gnu-toolchain/bin/../lib/gcc/avr/4.7.2/avr51\libgcc.a

.hash
 *(.hash)

.dynsym
 *(.dynsym)

.dynstr
 *(.dynstr)

.gnu.version
 *(.gnu.version)

.gnu.version_d
 *(.gnu.version_d)

.gnu.version_r
 *(.gnu.version_r)

.rel.init
 *(.rel.init)

.rela.init
 *(.rela.init)

.rel.text
 *(.rel.text)
 *(.rel.text.*)
 *(.rel.gnu.linkonce.t*)

.rela.text
 *(.rela.text)
 *(.rela.text.*)
 *(.rela.gnu.linkonce.t*)

.rel.fini
 *(.rel.fini)

.rela.fini
 *(.rela.fini)

.rel.rodata
 *(.rel.rodata)
 *(.rel.rodata.*)
 *(.rel.gnu.linkonce.r*)

.rela.rodata
 *(.rela.rodata)
 *(.rela.rodata.*)
 *(.rela.gnu.linkonce.r*)

.rel.data
 *(.rel.data)
 *(.rel.data.*)
 *(.rel.gnu.linkonce.d*)

.rela.data
 *(.rela.data)
 *(.rela.data.*)
 *(.rela.gnu.linkonce.d*)

.rel.ctors
 *(.rel.ctors)

.rela.ctors
 *(.rela.ctors)

.rel.dtors
 *(.rel.dtors)

.rela.dtors
 *(.rela.dtors)

.rel.got
 *(.rel.got)

.rela.got
 *(.rela.got)

.rel.bss
 *(.rel.bss)

.rela.bss
 *(.rela.bss)

.rel.plt
 *(.rel.plt)

.rela.plt
 *(.rela.plt)

.text           0x00000000      0x9d6
 *(.vectors)
 .vectors       0x00000000       0x8c c:/program files (x86)/atmel/atmel toolchain/avr8 gcc/native/3.4.2.1002/avr8-gnu-toolchain/bin/../lib/gcc/avr/4.7.2/../../../../avr/lib/avr51/crtm1284p.o
                0x00000000                __vector_default
                0x00000000                __vectors
 *(.vectors)
 *(.progmem.gcc*)
 *(.progmem*)
                0x0000008c                . = ALIGN (0x2)
                0x0000008c                __trampolines_start = .
 *(.trampolines)
 .trampolines   0x0000008c        0x0 linker stubs
 *(.trampolines*)
                0x0000008c                __trampolines_end = .
 *(.jumptables)
 *(.jumptables*)
 *(.lowtext)
 *(.lowtext*)
                0x0000008c                __ctors_start = .
 *(.ctors)
                0x0000008c                __ctors_end = .
                0x0000008c                __dtors_start = .
 *(.dtors)
                0x0000008c                __dtors_end = .
 SORT(*)(.ctors)
 SORT(*)(.dtors)
 *(.init0)
 .init0         0x0000008c        0x0 c:/program files (x86)/atmel/atmel toolchain/avr8 gcc/native/3.4.2.1002/avr8-gnu-toolchain/bin/../lib/gcc/avr/4.7.2/../../../../avr/lib/avr51/crtm1284p.o
                0x0000008c                __init
 *(.init0)
 *(.init1)
 *(.init1)
 *(.init2)
 .init2         0x0000008c        0xc c:/program files (x86)/atmel/atmel toolchain/avr8 gcc/native/3.4.2.1002/avr8-gnu-toolchain/bin/../lib/gcc/avr/4.7.2/../../../../avr/lib/avr51/crtm1284p.o
 *(.init2)
 *(.init3)
 *(.init3)
 *(.init4)
 .init4         0x00000098       0x10 c:/program files (x86)/atmel/atmel toolchain/avr8 gcc/native/3.4.2.1002/avr8-gnu-toolchain/bin/../lib/gcc/avr/4.7.2/avr51\libgcc.a(_clear_bss.o)
                0x00000098                __do_clear_bss
 *(.init4)
 *(.init5)
 *(.init5)
 *(.init6)
 *(.init6)
 *(.init7)
 *(.init7)
 *(.init8)
 *(.init8)
 *(.init9)
 .init9         0x000000a8        0x4 c:/program files (x86)/atmel/atmel toolchain/avr8 gcc/native/3.4.2.1002/avr8-gnu-toolchain/bin/../lib/gcc/avr/4.7.2/../../../../avr/lib/avr51/crtm1284p.o
 *(.init9)
 *(.text)
 .text          0x000000ac        0x2 c:/program files (x86)/atmel/atmel toolchain/avr8 gcc/native/3.4.2.1002/avr8-gnu-toolchain/bin/../lib/gcc/avr/4.7.2/../../../../avr/lib/avr51/crtm1284p.o
                0x000000ac                __vector_22
                0x000000ac                __vector_28
                0x000000ac                __vector_1
                0x000000ac                __vector_32
                0x000000ac                __vector_34
                0x000000ac                __vector_24
                0x000000ac                __vector_12
                0x000000ac                __bad_interrupt
                0x000000ac                __vector_6
                0x000000ac                __vector_31
                0x000000ac                __vector_3
                0x000000ac                __vector_23
                0x000000ac                __vector_30
                0x000000ac                __vector_25
                0x000000ac                __vector_11
                0x000000ac                __vector_13
                0x000000ac                __vector_17
                0x000000ac                __vector_7
                0x000000ac                __vector_27
                0x000000ac                __vector_5
                0x000000ac                __vector_33
                0x000000ac                __vector_4
                0x000000ac                __vector_9
                0x000000ac                __vector_2
                0x000000ac                __vector_21
                0x000000ac                __vector_15
                0x000000ac                __vector_29
                0x000000ac                __vector_8
                0x000000ac                __vector_26
                0x000000ac                __vector_14
                0x000000ac                __vector_10
                0x000000ac                __vector_16
                0x000000ac                __vector_18
                0x000000ac                __vector_20
                0x000000ae                . = ALIGN (0x2)
 *(.text.*)
 .text.__vector_19
                0x000000ae       0xe6 Control_module.o
                0x000000ae                __vector_19
 .text.main     0x00000194        0x8 Control_module.o
                0x00000194                main
 .text.getError
                0x0000019c      0x104 Control_wheel_steering.o
                0x0000019c                getError
 .text.calculateSpeed
                0x000002a0       0x50 Control_wheel_steering.o
                0x000002a0                calculateSpeed
 .text.driving_setup
                0x000002f0       0x30 Control_wheel_steering.o
                0x000002f0                driving_setup
 .text.drive    0x00000320       0x28 Control_wheel_steering.o
                0x00000320                drive
 .text.drive_forward
                0x00000348       0x12 Control_wheel_steering.o
                0x00000348                drive_forward
 .text.drive_backwards
                0x0000035a       0x12 Control_wheel_steering.o
                0x0000035a                drive_backwards
 .text.stop     0x0000036c       0x12 Control_wheel_steering.o
                0x0000036c                stop
 .text.controlAlgorithm
                0x0000037e       0xc0 Control_wheel_steering.o
                0x0000037e                controlAlgorithm
 .text.drive_right_forward
                0x0000043e       0x18 Control_wheel_steering.o
                0x0000043e                drive_right_forward
 .text.drive_left_forward
                0x00000456       0x18 Control_wheel_steering.o
                0x00000456                drive_left_forward
 .text.rotateCCW
                0x0000046e       0x12 Control_wheel_steering.o
                0x0000046e                rotateCCW
 .text.rotateCW
                0x00000480       0x12 Control_wheel_steering.o
                0x00000480                rotateCW
 .text.moveRobot
                0x00000492       0x92 Control_wheel_steering.o
                0x00000492                moveRobot
 .text.Arm_Init
                0x00000524       0x54 Servo.o
                0x00000524                Arm_Init
 .text.USART_Transmit
                0x00000578       0x12 Servo.o
                0x00000578                USART_Transmit
 .text.move_Single_Servo
                0x0000058a       0x66 Servo.o
                0x0000058a                move_Single_Servo
 .text.move_Double_Servo
                0x000005f0       0xb8 Servo.o
                0x000005f0                move_Double_Servo
 .text.pickup_Default_Position
                0x000006a8       0x7e Servo.o
                0x000006a8                pickup_Default_Position
 .text.move_Arm
                0x00000726      0x29a Servo.o
                0x00000726                move_Arm
 .text.SPI_Init_Slave
                0x000009c0       0x12 Slave_control.o
                0x000009c0                SPI_Init_Slave
                0x000009d2                . = ALIGN (0x2)
 *(.fini9)
 .fini9         0x000009d2        0x0 c:/program files (x86)/atmel/atmel toolchain/avr8 gcc/native/3.4.2.1002/avr8-gnu-toolchain/bin/../lib/gcc/avr/4.7.2/avr51\libgcc.a(_exit.o)
                0x000009d2                _exit
                0x000009d2                exit
 *(.fini9)
 *(.fini8)
 *(.fini8)
 *(.fini7)
 *(.fini7)
 *(.fini6)
 *(.fini6)
 *(.fini5)
 *(.fini5)
 *(.fini4)
 *(.fini4)
 *(.fini3)
 *(.fini3)
 *(.fini2)
 *(.fini2)
 *(.fini1)
 *(.fini1)
 *(.fini0)
 .fini0         0x000009d2        0x4 c:/program files (x86)/atmel/atmel toolchain/avr8 gcc/native/3.4.2.1002/avr8-gnu-toolchain/bin/../lib/gcc/avr/4.7.2/avr51\libgcc.a(_exit.o)
 *(.fini0)
                0x000009d6                _etext = .

.data           0x00800100        0x0 load address 0x000009d6
                0x00800100                PROVIDE (__data_start, .)
 *(.data)
 .data          0x00800100        0x0 c:/program files (x86)/atmel/atmel toolchain/avr8 gcc/native/3.4.2.1002/avr8-gnu-toolchain/bin/../lib/gcc/avr/4.7.2/../../../../avr/lib/avr51/crtm1284p.o
 .data          0x00800100        0x0 Control_module.o
 .data          0x00800100        0x0 Control_wheel_steering.o
 .data          0x00800100        0x0 Servo.o
 .data          0x00800100        0x0 Slave_control.o
 .data          0x00800100        0x0 c:/program files (x86)/atmel/atmel toolchain/avr8 gcc/native/3.4.2.1002/avr8-gnu-toolchain/bin/../lib/gcc/avr/4.7.2/avr51\libgcc.a(_exit.o)
 .data          0x00800100        0x0 c:/program files (x86)/atmel/atmel toolchain/avr8 gcc/native/3.4.2.1002/avr8-gnu-toolchain/bin/../lib/gcc/avr/4.7.2/avr51\libgcc.a(_clear_bss.o)
 *(.data*)
 *(.rodata)
 *(.rodata*)
 *(.gnu.linkonce.d*)
                0x00800100                . = ALIGN (0x2)
                0x00800100                _edata = .
                0x00800100                PROVIDE (__data_end, .)

.bss            0x00800100       0x19
                0x00800100                PROVIDE (__bss_start, .)
 *(.bss)
 *(.bss*)
 *(COMMON)
 COMMON         0x00800100       0x19 Control_module.o
                0x00800100                robot_arm_data
                0x00800101                sensor_data
                0x00800102                midspeed
                0x00800103                wheel_steering_data
                0x00800104                leftWheelSpeed
                0x00800105                joint2_Pos
                0x00800107                rightWheelSpeed
                0x00800108                component
                0x00800109                joint1_Pos
                0x0080010b                prevError
                0x0080010c                leftWheelDirection
                0x0080010d                data
                0x0080010e                waiting_for_instruction
                0x0080010f                joint3_Pos
                0x00800111                error
                0x00800112                rightWheelDirection
                0x00800113                joint5_Pos
                0x00800115                joint4_Pos
                0x00800117                joint6_Pos
                0x00800119                PROVIDE (__bss_end, .)
                0x000009d6                __data_load_start = LOADADDR (.data)
                0x000009d6                __data_load_end = (__data_load_start + SIZEOF (.data))

.noinit         0x00800119        0x0
                0x00800119                PROVIDE (__noinit_start, .)
 *(.noinit*)
                0x00800119                PROVIDE (__noinit_end, .)
                0x00800119                _end = .
                0x00800119                PROVIDE (__heap_start, .)

.eeprom         0x00810000        0x0
 *(.eeprom*)
                0x00810000                __eeprom_end = .

.fuse
 *(.fuse)
 *(.lfuse)
 *(.hfuse)
 *(.efuse)

.lock
 *(.lock*)

.signature
 *(.signature*)

.user_signatures
 *(.user_signatures*)

.stab           0x00000000      0x6cc
 *(.stab)
 .stab          0x00000000      0x6cc c:/program files (x86)/atmel/atmel toolchain/avr8 gcc/native/3.4.2.1002/avr8-gnu-toolchain/bin/../lib/gcc/avr/4.7.2/../../../../avr/lib/avr51/crtm1284p.o

.stabstr        0x00000000       0x97
 *(.stabstr)
 .stabstr       0x00000000       0x97 c:/program files (x86)/atmel/atmel toolchain/avr8 gcc/native/3.4.2.1002/avr8-gnu-toolchain/bin/../lib/gcc/avr/4.7.2/../../../../avr/lib/avr51/crtm1284p.o

.stab.excl
 *(.stab.excl)

.stab.exclstr
 *(.stab.exclstr)

.stab.index
 *(.stab.index)

.stab.indexstr
 *(.stab.indexstr)

.comment        0x00000000       0x2f
 *(.comment)
 .comment       0x00000000       0x2f Control_module.o
                                 0x30 (size before relaxing)
 .comment       0x00000000       0x30 Control_wheel_steering.o
 .comment       0x00000000       0x30 Servo.o
 .comment       0x00000000       0x30 Slave_control.o

.debug
 *(.debug)

.line
 *(.line)

.debug_srcinfo
 *(.debug_srcinfo)

.debug_sfnames
 *(.debug_sfnames)

.debug_aranges  0x00000000      0x128
 *(.debug_aranges)
 .debug_aranges
                0x00000000       0x28 Control_module.o
 .debug_aranges
                0x00000028       0x80 Control_wheel_steering.o
 .debug_aranges
                0x000000a8       0x58 Servo.o
 .debug_aranges
                0x00000100       0x28 Slave_control.o

.debug_pubnames
 *(.debug_pubnames)

.debug_info     0x00000000     0x1566
 *(.debug_info)
 .debug_info    0x00000000      0x2ad Control_module.o
 .debug_info    0x000002ad      0x66e Control_wheel_steering.o
 .debug_info    0x0000091b      0xb30 Servo.o
 .debug_info    0x0000144b      0x11b Slave_control.o
 *(.gnu.linkonce.wi.*)

.debug_abbrev   0x00000000      0x49b
 *(.debug_abbrev)
 .debug_abbrev  0x00000000       0xd3 Control_module.o
 .debug_abbrev  0x000000d3      0x18a Control_wheel_steering.o
 .debug_abbrev  0x0000025d      0x1ae Servo.o
 .debug_abbrev  0x0000040b       0x90 Slave_control.o

.debug_line     0x00000000      0xcd8
 *(.debug_line)
 .debug_line    0x00000000      0x1c7 Control_module.o
 .debug_line    0x000001c7      0x448 Control_wheel_steering.o
 .debug_line    0x0000060f      0x5a2 Servo.o
 .debug_line    0x00000bb1      0x127 Slave_control.o

.debug_frame    0x00000000      0x2bc
 *(.debug_frame)
 .debug_frame   0x00000000       0x7c Control_module.o
 .debug_frame   0x0000007c      0x104 Control_wheel_steering.o
 .debug_frame   0x00000180      0x108 Servo.o
 .debug_frame   0x00000288       0x34 Slave_control.o

.debug_str      0x00000000      0x479
 *(.debug_str)
 .debug_str     0x00000000      0x1f4 Control_module.o
                                0x234 (size before relaxing)
 .debug_str     0x000001f4       0xf6 Control_wheel_steering.o
                                0x2ae (size before relaxing)
 .debug_str     0x000002ea      0x171 Servo.o
                                0x294 (size before relaxing)
 .debug_str     0x0000045b       0x1e Slave_control.o
                                0x13f (size before relaxing)

.debug_loc      0x00000000      0xe7c
 *(.debug_loc)
 .debug_loc     0x00000000       0xcb Control_module.o
 .debug_loc     0x000000cb      0x1e6 Control_wheel_steering.o
 .debug_loc     0x000002b1      0xbcb Servo.o

.debug_macinfo
 *(.debug_macinfo)

.debug_pubtypes
 *(.debug_pubtypes)

.debug_ranges   0x00000000       0xe8
 *(.debug_ranges)
 .debug_ranges  0x00000000       0x18 Control_module.o
 .debug_ranges  0x00000018       0x70 Control_wheel_steering.o
 .debug_ranges  0x00000088       0x48 Servo.o
 .debug_ranges  0x000000d0       0x18 Slave_control.o

.debug_macro
 *(.debug_macro)
OUTPUT(Control-module.elf elf32-avr)
LOAD linker stubs
