Archive member included because of file (symbol)

c:/program files (x86)/atmel/atmel toolchain/avr8 gcc/native/3.4.2.1002/avr8-gnu-toolchain/bin/../lib/gcc/avr/4.7.2/avr51\libgcc.a(_exit.o)
                              c:/program files (x86)/atmel/atmel toolchain/avr8 gcc/native/3.4.2.1002/avr8-gnu-toolchain/bin/../lib/gcc/avr/4.7.2/../../../../avr/lib/avr51/crtm1284p.o (exit)
c:/program files (x86)/atmel/atmel toolchain/avr8 gcc/native/3.4.2.1002/avr8-gnu-toolchain/bin/../lib/gcc/avr/4.7.2/avr51\libgcc.a(_clear_bss.o)
                              controlModule.o (__do_clear_bss)

Allocating common symbols
Common symbol       size              file

side                0x1               controlModule.o
dropJoint2Pos       0x2               controlModule.o
leftWheelSpeed      0x1               controlModule.o
joint2_Pos          0x2               controlModule.o
rightWheelSpeed     0x1               controlModule.o
component           0x1               controlModule.o
joint1_Pos          0x2               controlModule.o
dropJoint3Pos       0x2               controlModule.o
prevError           0x1               controlModule.o
dropJoint4Pos       0x2               controlModule.o
armData             0x1               controlModule.o
sensorData          0x1               controlModule.o
steeringData        0x1               controlModule.o
leftWheelDirection  0x1               controlModule.o
data                0x1               controlModule.o
stationMode         0x1               controlModule.o
Kd                  0x1               controlModule.o
joint3_Pos          0x2               controlModule.o
error               0x1               controlModule.o
midSpeed            0x1               controlModule.o
Kp                  0x1               controlModule.o
rightWheelDirection
                    0x1               controlModule.o
waitingForInstruction
                    0x1               controlModule.o
joint5_Pos          0x2               controlModule.o
joint4_Pos          0x2               controlModule.o
dropJoint5Pos       0x2               controlModule.o
joint6_Pos          0x2               controlModule.o

Discarded input sections

 .bss           0x00000000        0x0 c:/program files (x86)/atmel/atmel toolchain/avr8 gcc/native/3.4.2.1002/avr8-gnu-toolchain/bin/../lib/gcc/avr/4.7.2/../../../../avr/lib/avr51/crtm1284p.o
 .text          0x00000000        0x0 controlModule.o
 .bss           0x00000000        0x0 controlModule.o
 .text          0x00000000        0x0 controlWheelSteering.o
 .bss           0x00000000        0x0 controlWheelSteering.o
 .text          0x00000000        0x0 Servo.o
 .bss           0x00000000        0x0 Servo.o
 .text          0x00000000        0x0 slaveControl.o
 .bss           0x00000000        0x0 slaveControl.o
 .text          0x00000000        0x0 c:/program files (x86)/atmel/atmel toolchain/avr8 gcc/native/3.4.2.1002/avr8-gnu-toolchain/bin/../lib/gcc/avr/4.7.2/avr51\libgcc.a(_exit.o)
 .bss           0x00000000        0x0 c:/program files (x86)/atmel/atmel toolchain/avr8 gcc/native/3.4.2.1002/avr8-gnu-toolchain/bin/../lib/gcc/avr/4.7.2/avr51\libgcc.a(_exit.o)
 .text.libgcc.mul
                0x00000000        0x0 c:/program files (x86)/atmel/atmel toolchain/avr8 gcc/native/3.4.2.1002/avr8-gnu-toolchain/bin/../lib/gcc/avr/4.7.2/avr51\libgcc.a(_exit.o)
 .text.libgcc.div
                0x00000000        0x0 c:/program files (x86)/atmel/atmel toolchain/avr8 gcc/native/3.4.2.1002/avr8-gnu-toolchain/bin/../lib/gcc/avr/4.7.2/avr51\libgcc.a(_exit.o)
 .text.libgcc   0x00000000        0x0 c:/program files (x86)/atmel/atmel toolchain/avr8 gcc/native/3.4.2.1002/avr8-gnu-toolchain/bin/../lib/gcc/avr/4.7.2/avr51\libgcc.a(_exit.o)
 .text.libgcc.prologue
                0x00000000        0x0 c:/program files (x86)/atmel/atmel toolchain/avr8 gcc/native/3.4.2.1002/avr8-gnu-toolchain/bin/../lib/gcc/avr/4.7.2/avr51\libgcc.a(_exit.o)
 .text.libgcc.builtins
                0x00000000        0x0 c:/program files (x86)/atmel/atmel toolchain/avr8 gcc/native/3.4.2.1002/avr8-gnu-toolchain/bin/../lib/gcc/avr/4.7.2/avr51\libgcc.a(_exit.o)
 .text.libgcc.fmul
                0x00000000        0x0 c:/program files (x86)/atmel/atmel toolchain/avr8 gcc/native/3.4.2.1002/avr8-gnu-toolchain/bin/../lib/gcc/avr/4.7.2/avr51\libgcc.a(_exit.o)
 .text          0x00000000        0x0 c:/program files (x86)/atmel/atmel toolchain/avr8 gcc/native/3.4.2.1002/avr8-gnu-toolchain/bin/../lib/gcc/avr/4.7.2/avr51\libgcc.a(_clear_bss.o)
 .bss           0x00000000        0x0 c:/program files (x86)/atmel/atmel toolchain/avr8 gcc/native/3.4.2.1002/avr8-gnu-toolchain/bin/../lib/gcc/avr/4.7.2/avr51\libgcc.a(_clear_bss.o)
 .text.libgcc.mul
                0x00000000        0x0 c:/program files (x86)/atmel/atmel toolchain/avr8 gcc/native/3.4.2.1002/avr8-gnu-toolchain/bin/../lib/gcc/avr/4.7.2/avr51\libgcc.a(_clear_bss.o)
 .text.libgcc.div
                0x00000000        0x0 c:/program files (x86)/atmel/atmel toolchain/avr8 gcc/native/3.4.2.1002/avr8-gnu-toolchain/bin/../lib/gcc/avr/4.7.2/avr51\libgcc.a(_clear_bss.o)
 .text.libgcc   0x00000000        0x0 c:/program files (x86)/atmel/atmel toolchain/avr8 gcc/native/3.4.2.1002/avr8-gnu-toolchain/bin/../lib/gcc/avr/4.7.2/avr51\libgcc.a(_clear_bss.o)
 .text.libgcc.prologue
                0x00000000        0x0 c:/program files (x86)/atmel/atmel toolchain/avr8 gcc/native/3.4.2.1002/avr8-gnu-toolchain/bin/../lib/gcc/avr/4.7.2/avr51\libgcc.a(_clear_bss.o)
 .text.libgcc.builtins
                0x00000000        0x0 c:/program files (x86)/atmel/atmel toolchain/avr8 gcc/native/3.4.2.1002/avr8-gnu-toolchain/bin/../lib/gcc/avr/4.7.2/avr51\libgcc.a(_clear_bss.o)
 .text.libgcc.fmul
                0x00000000        0x0 c:/program files (x86)/atmel/atmel toolchain/avr8 gcc/native/3.4.2.1002/avr8-gnu-toolchain/bin/../lib/gcc/avr/4.7.2/avr51\libgcc.a(_clear_bss.o)

Memory Configuration

Name             Origin             Length             Attributes
text             0x00000000         0x00020000         xr
data             0x00800100         0x0000ff00         rw !x
eeprom           0x00810000         0x00010000         rw !x
fuse             0x00820000         0x00000400         rw !x
lock             0x00830000         0x00000400         rw !x
signature        0x00840000         0x00000400         rw !x
user_signatures  0x00850000         0x00000400         rw !x
*default*        0x00000000         0xffffffff

Linker script and memory map

Address of section .data set to 0x800100
LOAD c:/program files (x86)/atmel/atmel toolchain/avr8 gcc/native/3.4.2.1002/avr8-gnu-toolchain/bin/../lib/gcc/avr/4.7.2/../../../../avr/lib/avr51/crtm1284p.o
LOAD controlModule.o
LOAD controlWheelSteering.o
LOAD Servo.o
LOAD slaveControl.o
START GROUP
LOAD c:/program files (x86)/atmel/atmel toolchain/avr8 gcc/native/3.4.2.1002/avr8-gnu-toolchain/bin/../lib/gcc/avr/4.7.2/../../../../avr/lib/avr51\libm.a
END GROUP
LOAD c:/program files (x86)/atmel/atmel toolchain/avr8 gcc/native/3.4.2.1002/avr8-gnu-toolchain/bin/../lib/gcc/avr/4.7.2/avr51\libgcc.a
LOAD c:/program files (x86)/atmel/atmel toolchain/avr8 gcc/native/3.4.2.1002/avr8-gnu-toolchain/bin/../lib/gcc/avr/4.7.2/../../../../avr/lib/avr51\libc.a
LOAD c:/program files (x86)/atmel/atmel toolchain/avr8 gcc/native/3.4.2.1002/avr8-gnu-toolchain/bin/../lib/gcc/avr/4.7.2/avr51\libgcc.a

.hash
 *(.hash)

.dynsym
 *(.dynsym)

.dynstr
 *(.dynstr)

.gnu.version
 *(.gnu.version)

.gnu.version_d
 *(.gnu.version_d)

.gnu.version_r
 *(.gnu.version_r)

.rel.init
 *(.rel.init)

.rela.init
 *(.rela.init)

.rel.text
 *(.rel.text)
 *(.rel.text.*)
 *(.rel.gnu.linkonce.t*)

.rela.text
 *(.rela.text)
 *(.rela.text.*)
 *(.rela.gnu.linkonce.t*)

.rel.fini
 *(.rel.fini)

.rela.fini
 *(.rela.fini)

.rel.rodata
 *(.rel.rodata)
 *(.rel.rodata.*)
 *(.rel.gnu.linkonce.r*)

.rela.rodata
 *(.rela.rodata)
 *(.rela.rodata.*)
 *(.rela.gnu.linkonce.r*)

.rel.data
 *(.rel.data)
 *(.rel.data.*)
 *(.rel.gnu.linkonce.d*)

.rela.data
 *(.rela.data)
 *(.rela.data.*)
 *(.rela.gnu.linkonce.d*)

.rel.ctors
 *(.rel.ctors)

.rela.ctors
 *(.rela.ctors)

.rel.dtors
 *(.rel.dtors)

.rela.dtors
 *(.rela.dtors)

.rel.got
 *(.rel.got)

.rela.got
 *(.rela.got)

.rel.bss
 *(.rel.bss)

.rela.bss
 *(.rela.bss)

.rel.plt
 *(.rel.plt)

.rela.plt
 *(.rela.plt)

.text           0x00000000      0xd64
 *(.vectors)
 .vectors       0x00000000       0x8c c:/program files (x86)/atmel/atmel toolchain/avr8 gcc/native/3.4.2.1002/avr8-gnu-toolchain/bin/../lib/gcc/avr/4.7.2/../../../../avr/lib/avr51/crtm1284p.o
                0x00000000                __vector_default
                0x00000000                __vectors
 *(.vectors)
 *(.progmem.gcc*)
 *(.progmem*)
                0x0000008c                . = ALIGN (0x2)
                0x0000008c                __trampolines_start = .
 *(.trampolines)
 .trampolines   0x0000008c        0x0 linker stubs
 *(.trampolines*)
                0x0000008c                __trampolines_end = .
 *(.jumptables)
 *(.jumptables*)
 *(.lowtext)
 *(.lowtext*)
                0x0000008c                __ctors_start = .
 *(.ctors)
                0x0000008c                __ctors_end = .
                0x0000008c                __dtors_start = .
 *(.dtors)
                0x0000008c                __dtors_end = .
 SORT(*)(.ctors)
 SORT(*)(.dtors)
 *(.init0)
 .init0         0x0000008c        0x0 c:/program files (x86)/atmel/atmel toolchain/avr8 gcc/native/3.4.2.1002/avr8-gnu-toolchain/bin/../lib/gcc/avr/4.7.2/../../../../avr/lib/avr51/crtm1284p.o
                0x0000008c                __init
 *(.init0)
 *(.init1)
 *(.init1)
 *(.init2)
 .init2         0x0000008c        0xc c:/program files (x86)/atmel/atmel toolchain/avr8 gcc/native/3.4.2.1002/avr8-gnu-toolchain/bin/../lib/gcc/avr/4.7.2/../../../../avr/lib/avr51/crtm1284p.o
 *(.init2)
 *(.init3)
 *(.init3)
 *(.init4)
 .init4         0x00000098       0x10 c:/program files (x86)/atmel/atmel toolchain/avr8 gcc/native/3.4.2.1002/avr8-gnu-toolchain/bin/../lib/gcc/avr/4.7.2/avr51\libgcc.a(_clear_bss.o)
                0x00000098                __do_clear_bss
 *(.init4)
 *(.init5)
 *(.init5)
 *(.init6)
 *(.init6)
 *(.init7)
 *(.init7)
 *(.init8)
 *(.init8)
 *(.init9)
 .init9         0x000000a8        0x4 c:/program files (x86)/atmel/atmel toolchain/avr8 gcc/native/3.4.2.1002/avr8-gnu-toolchain/bin/../lib/gcc/avr/4.7.2/../../../../avr/lib/avr51/crtm1284p.o
 *(.init9)
 *(.text)
 .text          0x000000ac        0x2 c:/program files (x86)/atmel/atmel toolchain/avr8 gcc/native/3.4.2.1002/avr8-gnu-toolchain/bin/../lib/gcc/avr/4.7.2/../../../../avr/lib/avr51/crtm1284p.o
                0x000000ac                __vector_22
                0x000000ac                __vector_28
                0x000000ac                __vector_1
                0x000000ac                __vector_32
                0x000000ac                __vector_34
                0x000000ac                __vector_24
                0x000000ac                __vector_12
                0x000000ac                __bad_interrupt
                0x000000ac                __vector_6
                0x000000ac                __vector_31
                0x000000ac                __vector_3
                0x000000ac                __vector_23
                0x000000ac                __vector_30
                0x000000ac                __vector_25
                0x000000ac                __vector_11
                0x000000ac                __vector_13
                0x000000ac                __vector_17
                0x000000ac                __vector_7
                0x000000ac                __vector_27
                0x000000ac                __vector_5
                0x000000ac                __vector_33
                0x000000ac                __vector_4
                0x000000ac                __vector_9
                0x000000ac                __vector_2
                0x000000ac                __vector_21
                0x000000ac                __vector_15
                0x000000ac                __vector_29
                0x000000ac                __vector_8
                0x000000ac                __vector_26
                0x000000ac                __vector_14
                0x000000ac                __vector_10
                0x000000ac                __vector_18
                0x000000ac                __vector_20
                0x000000ae                . = ALIGN (0x2)
 *(.text.*)
 .text.__vector_16
                0x000000ae       0x56 controlModule.o
                0x000000ae                __vector_16
 .text.initTimer
                0x00000104       0x12 controlModule.o
                0x00000104                initTimer
 .text.main     0x00000116        0xa controlModule.o
                0x00000116                main
 .text.startTransportMode
                0x00000120        0x6 controlModule.o
                0x00000120                startTransportMode
 .text.__vector_19
                0x00000126      0x162 controlModule.o
                0x00000126                __vector_19
 .text.getError
                0x00000288       0xc0 controlWheelSteering.o
                0x00000288                getError
 .text.calculateSpeed
                0x00000348       0x5e controlWheelSteering.o
                0x00000348                calculateSpeed
 .text.drivingSetup
                0x000003a6       0x3c controlWheelSteering.o
                0x000003a6                drivingSetup
 .text.drive    0x000003e2       0x28 controlWheelSteering.o
                0x000003e2                drive
 .text.controlAlgorithm
                0x0000040a       0xda controlWheelSteering.o
                0x0000040a                controlAlgorithm
 .text.driveForward
                0x000004e4       0x12 controlWheelSteering.o
                0x000004e4                driveForward
 .text.driveBackward
                0x000004f6       0x12 controlWheelSteering.o
                0x000004f6                driveBackward
 .text.stop     0x00000508       0x12 controlWheelSteering.o
                0x00000508                stop
 .text.driveForwardRight
                0x0000051a       0x18 controlWheelSteering.o
                0x0000051a                driveForwardRight
 .text.driveForwardLeft
                0x00000532       0x18 controlWheelSteering.o
                0x00000532                driveForwardLeft
 .text.rotateCCW
                0x0000054a       0x12 controlWheelSteering.o
                0x0000054a                rotateCCW
 .text.rotateCW
                0x0000055c       0x12 controlWheelSteering.o
                0x0000055c                rotateCW
 .text.moveRobot
                0x0000056e       0xca controlWheelSteering.o
                0x0000056e                moveRobot
 .text.changeProportional
                0x00000638        0x6 controlWheelSteering.o
                0x00000638                changeProportional
 .text.changeDerivative
                0x0000063e        0x6 controlWheelSteering.o
                0x0000063e                changeDerivative
 .text.USARTTransmit
                0x00000644       0x12 Servo.o
                0x00000644                USARTTransmit
 .text.moveSingleServo
                0x00000656       0x66 Servo.o
                0x00000656                moveSingleServo
 .text.moveDoubleServo
                0x000006bc       0xb8 Servo.o
                0x000006bc                moveDoubleServo
 .text.defaultPosition
                0x00000774       0x92 Servo.o
                0x00000774                defaultPosition
 .text.armInit  0x00000806       0x24 Servo.o
                0x00000806                armInit
 .text.pickupDefaultPosition
                0x0000082a       0xea Servo.o
                0x0000082a                pickupDefaultPosition
 .text.dropItem
                0x00000914       0xd0 Servo.o
                0x00000914                dropItem
 .text.moveArm  0x000009e4      0x30c Servo.o
                0x000009e4                moveArm
 .text.updateServos
                0x00000cf0       0x52 Servo.o
                0x00000cf0                updateServos
 .text.SPIInitSlave
                0x00000d42       0x12 slaveControl.o
                0x00000d42                SPIInitSlave
 .text.slaveTX  0x00000d54        0x8 slaveControl.o
                0x00000d54                slaveTX
 .text.TXFinishedDrop
                0x00000d5c        0x4 slaveControl.o
                0x00000d5c                TXFinishedDrop
                0x00000d60                . = ALIGN (0x2)
 *(.fini9)
 .fini9         0x00000d60        0x0 c:/program files (x86)/atmel/atmel toolchain/avr8 gcc/native/3.4.2.1002/avr8-gnu-toolchain/bin/../lib/gcc/avr/4.7.2/avr51\libgcc.a(_exit.o)
                0x00000d60                _exit
                0x00000d60                exit
 *(.fini9)
 *(.fini8)
 *(.fini8)
 *(.fini7)
 *(.fini7)
 *(.fini6)
 *(.fini6)
 *(.fini5)
 *(.fini5)
 *(.fini4)
 *(.fini4)
 *(.fini3)
 *(.fini3)
 *(.fini2)
 *(.fini2)
 *(.fini1)
 *(.fini1)
 *(.fini0)
 .fini0         0x00000d60        0x4 c:/program files (x86)/atmel/atmel toolchain/avr8 gcc/native/3.4.2.1002/avr8-gnu-toolchain/bin/../lib/gcc/avr/4.7.2/avr51\libgcc.a(_exit.o)
 *(.fini0)
                0x00000d64                _etext = .

.data           0x00800100        0x0 load address 0x00000d64
                0x00800100                PROVIDE (__data_start, .)
 *(.data)
 .data          0x00800100        0x0 c:/program files (x86)/atmel/atmel toolchain/avr8 gcc/native/3.4.2.1002/avr8-gnu-toolchain/bin/../lib/gcc/avr/4.7.2/../../../../avr/lib/avr51/crtm1284p.o
 .data          0x00800100        0x0 controlModule.o
 .data          0x00800100        0x0 controlWheelSteering.o
 .data          0x00800100        0x0 Servo.o
 .data          0x00800100        0x0 slaveControl.o
 .data          0x00800100        0x0 c:/program files (x86)/atmel/atmel toolchain/avr8 gcc/native/3.4.2.1002/avr8-gnu-toolchain/bin/../lib/gcc/avr/4.7.2/avr51\libgcc.a(_exit.o)
 .data          0x00800100        0x0 c:/program files (x86)/atmel/atmel toolchain/avr8 gcc/native/3.4.2.1002/avr8-gnu-toolchain/bin/../lib/gcc/avr/4.7.2/avr51\libgcc.a(_clear_bss.o)
 *(.data*)
 *(.rodata)
 *(.rodata*)
 *(.gnu.linkonce.d*)
                0x00800100                . = ALIGN (0x2)
                0x00800100                _edata = .
                0x00800100                PROVIDE (__data_end, .)

.bss            0x00800100       0x25
                0x00800100                PROVIDE (__bss_start, .)
 *(.bss)
 *(.bss*)
 *(COMMON)
 COMMON         0x00800100       0x25 controlModule.o
                0x00800100                side
                0x00800101                dropJoint2Pos
                0x00800103                leftWheelSpeed
                0x00800104                joint2_Pos
                0x00800106                rightWheelSpeed
                0x00800107                component
                0x00800108                joint1_Pos
                0x0080010a                dropJoint3Pos
                0x0080010c                prevError
                0x0080010d                dropJoint4Pos
                0x0080010f                armData
                0x00800110                sensorData
                0x00800111                steeringData
                0x00800112                leftWheelDirection
                0x00800113                data
                0x00800114                stationMode
                0x00800115                Kd
                0x00800116                joint3_Pos
                0x00800118                error
                0x00800119                midSpeed
                0x0080011a                Kp
                0x0080011b                rightWheelDirection
                0x0080011c                waitingForInstruction
                0x0080011d                joint5_Pos
                0x0080011f                joint4_Pos
                0x00800121                dropJoint5Pos
                0x00800123                joint6_Pos
                0x00800125                PROVIDE (__bss_end, .)
                0x00000d64                __data_load_start = LOADADDR (.data)
                0x00000d64                __data_load_end = (__data_load_start + SIZEOF (.data))

.noinit         0x00800125        0x0
                0x00800125                PROVIDE (__noinit_start, .)
 *(.noinit*)
                0x00800125                PROVIDE (__noinit_end, .)
                0x00800125                _end = .
                0x00800125                PROVIDE (__heap_start, .)

.eeprom         0x00810000        0x0
 *(.eeprom*)
                0x00810000                __eeprom_end = .

.fuse
 *(.fuse)
 *(.lfuse)
 *(.hfuse)
 *(.efuse)

.lock
 *(.lock*)

.signature
 *(.signature*)

.user_signatures
 *(.user_signatures*)

.stab           0x00000000      0x6cc
 *(.stab)
 .stab          0x00000000      0x6cc c:/program files (x86)/atmel/atmel toolchain/avr8 gcc/native/3.4.2.1002/avr8-gnu-toolchain/bin/../lib/gcc/avr/4.7.2/../../../../avr/lib/avr51/crtm1284p.o

.stabstr        0x00000000       0x97
 *(.stabstr)
 .stabstr       0x00000000       0x97 c:/program files (x86)/atmel/atmel toolchain/avr8 gcc/native/3.4.2.1002/avr8-gnu-toolchain/bin/../lib/gcc/avr/4.7.2/../../../../avr/lib/avr51/crtm1284p.o

.stab.excl
 *(.stab.excl)

.stab.exclstr
 *(.stab.exclstr)

.stab.index
 *(.stab.index)

.stab.indexstr
 *(.stab.indexstr)

.comment        0x00000000       0x2f
 *(.comment)
 .comment       0x00000000       0x2f controlModule.o
                                 0x30 (size before relaxing)
 .comment       0x00000000       0x30 controlWheelSteering.o
 .comment       0x00000000       0x30 Servo.o
 .comment       0x00000000       0x30 slaveControl.o

.debug
 *(.debug)

.line
 *(.line)

.debug_srcinfo
 *(.debug_srcinfo)

.debug_sfnames
 *(.debug_sfnames)

.debug_aranges  0x00000000      0x160
 *(.debug_aranges)
 .debug_aranges
                0x00000000       0x40 controlModule.o
 .debug_aranges
                0x00000040       0x90 controlWheelSteering.o
 .debug_aranges
                0x000000d0       0x60 Servo.o
 .debug_aranges
                0x00000130       0x30 slaveControl.o

.debug_pubnames
 *(.debug_pubnames)

.debug_info     0x00000000     0x1a92
 *(.debug_info)
 .debug_info    0x00000000      0x3f8 controlModule.o
 .debug_info    0x000003f8      0x782 controlWheelSteering.o
 .debug_info    0x00000b7a      0xdd4 Servo.o
 .debug_info    0x0000194e      0x144 slaveControl.o
 *(.gnu.linkonce.wi.*)

.debug_abbrev   0x00000000      0x54e
 *(.debug_abbrev)
 .debug_abbrev  0x00000000      0x109 controlModule.o
 .debug_abbrev  0x00000109      0x1c4 controlWheelSteering.o
 .debug_abbrev  0x000002cd      0x1c2 Servo.o
 .debug_abbrev  0x0000048f       0xbf slaveControl.o

.debug_line     0x00000000      0xeda
 *(.debug_line)
 .debug_line    0x00000000      0x2ac controlModule.o
 .debug_line    0x000002ac      0x4a0 controlWheelSteering.o
 .debug_line    0x0000074c      0x653 Servo.o
 .debug_line    0x00000d9f      0x13b slaveControl.o

.debug_frame    0x00000000      0x388
 *(.debug_frame)
 .debug_frame   0x00000000       0xf4 controlModule.o
 .debug_frame   0x000000f4      0x12c controlWheelSteering.o
 .debug_frame   0x00000220      0x124 Servo.o
 .debug_frame   0x00000344       0x44 slaveControl.o

.debug_str      0x00000000      0x50e
 *(.debug_str)
 .debug_str     0x00000000      0x29b controlModule.o
                                0x2d6 (size before relaxing)
 .debug_str     0x0000029b       0xf6 controlWheelSteering.o
                                0x352 (size before relaxing)
 .debug_str     0x00000391      0x161 Servo.o
                                0x322 (size before relaxing)
 .debug_str     0x000004f2       0x1c slaveControl.o
                                0x146 (size before relaxing)

.debug_loc      0x00000000     0x1395
 *(.debug_loc)
 .debug_loc     0x00000000      0x196 controlModule.o
 .debug_loc     0x00000196      0x226 controlWheelSteering.o
 .debug_loc     0x000003bc      0xfd9 Servo.o

.debug_macinfo
 *(.debug_macinfo)

.debug_pubtypes
 *(.debug_pubtypes)

.debug_ranges   0x00000000      0x120
 *(.debug_ranges)
 .debug_ranges  0x00000000       0x30 controlModule.o
 .debug_ranges  0x00000030       0x80 controlWheelSteering.o
 .debug_ranges  0x000000b0       0x50 Servo.o
 .debug_ranges  0x00000100       0x20 slaveControl.o

.debug_macro
 *(.debug_macro)
OUTPUT(Control-module.elf elf32-avr)
LOAD linker stubs
