Archive member included because of file (symbol)

c:/program files (x86)/atmel/atmel toolchain/avr8 gcc/native/3.4.2.1002/avr8-gnu-toolchain/bin/../lib/gcc/avr/4.7.2/avr51\libgcc.a(_exit.o)
                              c:/program files (x86)/atmel/atmel toolchain/avr8 gcc/native/3.4.2.1002/avr8-gnu-toolchain/bin/../lib/gcc/avr/4.7.2/../../../../avr/lib/avr51/crtm1284p.o (exit)
c:/program files (x86)/atmel/atmel toolchain/avr8 gcc/native/3.4.2.1002/avr8-gnu-toolchain/bin/../lib/gcc/avr/4.7.2/avr51\libgcc.a(_copy_data.o)
                              warehouseMode.o (__do_copy_data)
c:/program files (x86)/atmel/atmel toolchain/avr8 gcc/native/3.4.2.1002/avr8-gnu-toolchain/bin/../lib/gcc/avr/4.7.2/avr51\libgcc.a(_clear_bss.o)
                              Bluetooth.o (__do_clear_bss)

Allocating common symbols
Common symbol       size              file

automaticModeEnabled
                    0x1               Bluetooth.o
digit               0x1               Bluetooth.o
RFID                0xa               Bluetooth.o
btSensDataCnt       0x1               Bluetooth.o
stationModeEnable   0x1               Bluetooth.o
lineReadingCounter  0x1               Bluetooth.o
stationLeftSensCounter
                    0x1               Bluetooth.o
finishedDrop        0x1               Bluetooth.o
carryItem           0x1               Bluetooth.o
stationRightSensCounter
                    0x1               Bluetooth.o
streamFilled        0x1               Bluetooth.o
pickUpItem          0x1               Bluetooth.o
received_data       0x1               Bluetooth.o
armData             0x1               Bluetooth.o
i                   0x1               Bluetooth.o
sensorData          0x1               Bluetooth.o
btdata              0x1               Bluetooth.o
stationRightSide    0x1               Bluetooth.o
waitingForStartAbort
                    0x1               Bluetooth.o
low_conf            0x24              Bluetooth.o
waiting_for_instruction
                    0x1               Bluetooth.o
Kd                  0x1               Bluetooth.o
btcomponent         0x1               Bluetooth.o
Kp                  0x1               Bluetooth.o
waitingForEndPickup
                    0x1               Bluetooth.o
historySize         0x1               Bluetooth.o
wheelData           0x1               Bluetooth.o
manualModeEnabled   0x1               Bluetooth.o
wantedData          0x1               Bluetooth.o

Discarded input sections

 .bss           0x00000000        0x0 c:/program files (x86)/atmel/atmel toolchain/avr8 gcc/native/3.4.2.1002/avr8-gnu-toolchain/bin/../lib/gcc/avr/4.7.2/../../../../avr/lib/avr51/crtm1284p.o
 .text          0x00000000        0x0 Bluetooth.o
 .bss           0x00000000        0x0 Bluetooth.o
 .text          0x00000000        0x0 Communication_Module.o
 .bss           0x00000000        0x0 Communication_Module.o
 .text          0x00000000        0x0 LCD_new.o
 .bss           0x00000000        0x0 LCD_new.o
 .text.hd44780_l_return_home
                0x00000000       0x18 LCD_new.o
 .text.hd44780_l_cds
                0x00000000       0x32 LCD_new.o
 .text.hd44780_l_set_cgram_addr
                0x00000000       0x1c LCD_new.o
 .text.hd44780_l_set_ddram_addr
                0x00000000       0x1a LCD_new.o
 .text          0x00000000        0x0 Master_communication.o
 .bss           0x00000000        0x0 Master_communication.o
 .text          0x00000000        0x0 warehouseMode.o
 .bss           0x00000000        0x0 warehouseMode.o
 .text          0x00000000        0x0 c:/program files (x86)/atmel/atmel toolchain/avr8 gcc/native/3.4.2.1002/avr8-gnu-toolchain/bin/../lib/gcc/avr/4.7.2/avr51\libgcc.a(_exit.o)
 .bss           0x00000000        0x0 c:/program files (x86)/atmel/atmel toolchain/avr8 gcc/native/3.4.2.1002/avr8-gnu-toolchain/bin/../lib/gcc/avr/4.7.2/avr51\libgcc.a(_exit.o)
 .text.libgcc.mul
                0x00000000        0x0 c:/program files (x86)/atmel/atmel toolchain/avr8 gcc/native/3.4.2.1002/avr8-gnu-toolchain/bin/../lib/gcc/avr/4.7.2/avr51\libgcc.a(_exit.o)
 .text.libgcc.div
                0x00000000        0x0 c:/program files (x86)/atmel/atmel toolchain/avr8 gcc/native/3.4.2.1002/avr8-gnu-toolchain/bin/../lib/gcc/avr/4.7.2/avr51\libgcc.a(_exit.o)
 .text.libgcc   0x00000000        0x0 c:/program files (x86)/atmel/atmel toolchain/avr8 gcc/native/3.4.2.1002/avr8-gnu-toolchain/bin/../lib/gcc/avr/4.7.2/avr51\libgcc.a(_exit.o)
 .text.libgcc.prologue
                0x00000000        0x0 c:/program files (x86)/atmel/atmel toolchain/avr8 gcc/native/3.4.2.1002/avr8-gnu-toolchain/bin/../lib/gcc/avr/4.7.2/avr51\libgcc.a(_exit.o)
 .text.libgcc.builtins
                0x00000000        0x0 c:/program files (x86)/atmel/atmel toolchain/avr8 gcc/native/3.4.2.1002/avr8-gnu-toolchain/bin/../lib/gcc/avr/4.7.2/avr51\libgcc.a(_exit.o)
 .text.libgcc.fmul
                0x00000000        0x0 c:/program files (x86)/atmel/atmel toolchain/avr8 gcc/native/3.4.2.1002/avr8-gnu-toolchain/bin/../lib/gcc/avr/4.7.2/avr51\libgcc.a(_exit.o)
 .text          0x00000000        0x0 c:/program files (x86)/atmel/atmel toolchain/avr8 gcc/native/3.4.2.1002/avr8-gnu-toolchain/bin/../lib/gcc/avr/4.7.2/avr51\libgcc.a(_copy_data.o)
 .bss           0x00000000        0x0 c:/program files (x86)/atmel/atmel toolchain/avr8 gcc/native/3.4.2.1002/avr8-gnu-toolchain/bin/../lib/gcc/avr/4.7.2/avr51\libgcc.a(_copy_data.o)
 .text.libgcc.mul
                0x00000000        0x0 c:/program files (x86)/atmel/atmel toolchain/avr8 gcc/native/3.4.2.1002/avr8-gnu-toolchain/bin/../lib/gcc/avr/4.7.2/avr51\libgcc.a(_copy_data.o)
 .text.libgcc.div
                0x00000000        0x0 c:/program files (x86)/atmel/atmel toolchain/avr8 gcc/native/3.4.2.1002/avr8-gnu-toolchain/bin/../lib/gcc/avr/4.7.2/avr51\libgcc.a(_copy_data.o)
 .text.libgcc   0x00000000        0x0 c:/program files (x86)/atmel/atmel toolchain/avr8 gcc/native/3.4.2.1002/avr8-gnu-toolchain/bin/../lib/gcc/avr/4.7.2/avr51\libgcc.a(_copy_data.o)
 .text.libgcc.prologue
                0x00000000        0x0 c:/program files (x86)/atmel/atmel toolchain/avr8 gcc/native/3.4.2.1002/avr8-gnu-toolchain/bin/../lib/gcc/avr/4.7.2/avr51\libgcc.a(_copy_data.o)
 .text.libgcc.builtins
                0x00000000        0x0 c:/program files (x86)/atmel/atmel toolchain/avr8 gcc/native/3.4.2.1002/avr8-gnu-toolchain/bin/../lib/gcc/avr/4.7.2/avr51\libgcc.a(_copy_data.o)
 .text.libgcc.fmul
                0x00000000        0x0 c:/program files (x86)/atmel/atmel toolchain/avr8 gcc/native/3.4.2.1002/avr8-gnu-toolchain/bin/../lib/gcc/avr/4.7.2/avr51\libgcc.a(_copy_data.o)
 .text          0x00000000        0x0 c:/program files (x86)/atmel/atmel toolchain/avr8 gcc/native/3.4.2.1002/avr8-gnu-toolchain/bin/../lib/gcc/avr/4.7.2/avr51\libgcc.a(_clear_bss.o)
 .bss           0x00000000        0x0 c:/program files (x86)/atmel/atmel toolchain/avr8 gcc/native/3.4.2.1002/avr8-gnu-toolchain/bin/../lib/gcc/avr/4.7.2/avr51\libgcc.a(_clear_bss.o)
 .text.libgcc.mul
                0x00000000        0x0 c:/program files (x86)/atmel/atmel toolchain/avr8 gcc/native/3.4.2.1002/avr8-gnu-toolchain/bin/../lib/gcc/avr/4.7.2/avr51\libgcc.a(_clear_bss.o)
 .text.libgcc.div
                0x00000000        0x0 c:/program files (x86)/atmel/atmel toolchain/avr8 gcc/native/3.4.2.1002/avr8-gnu-toolchain/bin/../lib/gcc/avr/4.7.2/avr51\libgcc.a(_clear_bss.o)
 .text.libgcc   0x00000000        0x0 c:/program files (x86)/atmel/atmel toolchain/avr8 gcc/native/3.4.2.1002/avr8-gnu-toolchain/bin/../lib/gcc/avr/4.7.2/avr51\libgcc.a(_clear_bss.o)
 .text.libgcc.prologue
                0x00000000        0x0 c:/program files (x86)/atmel/atmel toolchain/avr8 gcc/native/3.4.2.1002/avr8-gnu-toolchain/bin/../lib/gcc/avr/4.7.2/avr51\libgcc.a(_clear_bss.o)
 .text.libgcc.builtins
                0x00000000        0x0 c:/program files (x86)/atmel/atmel toolchain/avr8 gcc/native/3.4.2.1002/avr8-gnu-toolchain/bin/../lib/gcc/avr/4.7.2/avr51\libgcc.a(_clear_bss.o)
 .text.libgcc.fmul
                0x00000000        0x0 c:/program files (x86)/atmel/atmel toolchain/avr8 gcc/native/3.4.2.1002/avr8-gnu-toolchain/bin/../lib/gcc/avr/4.7.2/avr51\libgcc.a(_clear_bss.o)

Memory Configuration

Name             Origin             Length             Attributes
text             0x00000000         0x00020000         xr
data             0x00800100         0x0000ff00         rw !x
eeprom           0x00810000         0x00010000         rw !x
fuse             0x00820000         0x00000400         rw !x
lock             0x00830000         0x00000400         rw !x
signature        0x00840000         0x00000400         rw !x
user_signatures  0x00850000         0x00000400         rw !x
*default*        0x00000000         0xffffffff

Linker script and memory map

Address of section .data set to 0x800100
LOAD c:/program files (x86)/atmel/atmel toolchain/avr8 gcc/native/3.4.2.1002/avr8-gnu-toolchain/bin/../lib/gcc/avr/4.7.2/../../../../avr/lib/avr51/crtm1284p.o
LOAD Bluetooth.o
LOAD Communication_Module.o
LOAD LCD_new.o
LOAD Master_communication.o
LOAD warehouseMode.o
START GROUP
LOAD c:/program files (x86)/atmel/atmel toolchain/avr8 gcc/native/3.4.2.1002/avr8-gnu-toolchain/bin/../lib/gcc/avr/4.7.2/../../../../avr/lib/avr51\libm.a
END GROUP
LOAD c:/program files (x86)/atmel/atmel toolchain/avr8 gcc/native/3.4.2.1002/avr8-gnu-toolchain/bin/../lib/gcc/avr/4.7.2/avr51\libgcc.a
LOAD c:/program files (x86)/atmel/atmel toolchain/avr8 gcc/native/3.4.2.1002/avr8-gnu-toolchain/bin/../lib/gcc/avr/4.7.2/../../../../avr/lib/avr51\libc.a
LOAD c:/program files (x86)/atmel/atmel toolchain/avr8 gcc/native/3.4.2.1002/avr8-gnu-toolchain/bin/../lib/gcc/avr/4.7.2/avr51\libgcc.a

.hash
 *(.hash)

.dynsym
 *(.dynsym)

.dynstr
 *(.dynstr)

.gnu.version
 *(.gnu.version)

.gnu.version_d
 *(.gnu.version_d)

.gnu.version_r
 *(.gnu.version_r)

.rel.init
 *(.rel.init)

.rela.init
 *(.rela.init)

.rel.text
 *(.rel.text)
 *(.rel.text.*)
 *(.rel.gnu.linkonce.t*)

.rela.text
 *(.rela.text)
 *(.rela.text.*)
 *(.rela.gnu.linkonce.t*)

.rel.fini
 *(.rel.fini)

.rela.fini
 *(.rela.fini)

.rel.rodata
 *(.rel.rodata)
 *(.rel.rodata.*)
 *(.rel.gnu.linkonce.r*)

.rela.rodata
 *(.rela.rodata)
 *(.rela.rodata.*)
 *(.rela.gnu.linkonce.r*)

.rel.data
 *(.rel.data)
 *(.rel.data.*)
 *(.rel.gnu.linkonce.d*)

.rela.data
 *(.rela.data)
 *(.rela.data.*)
 *(.rela.gnu.linkonce.d*)

.rel.ctors
 *(.rel.ctors)

.rela.ctors
 *(.rela.ctors)

.rel.dtors
 *(.rel.dtors)

.rela.dtors
 *(.rela.dtors)

.rel.got
 *(.rel.got)

.rela.got
 *(.rela.got)

.rel.bss
 *(.rel.bss)

.rela.bss
 *(.rela.bss)

.rel.plt
 *(.rel.plt)

.rela.plt
 *(.rela.plt)

.text           0x00000000     0x13c0
 *(.vectors)
 .vectors       0x00000000       0x8c c:/program files (x86)/atmel/atmel toolchain/avr8 gcc/native/3.4.2.1002/avr8-gnu-toolchain/bin/../lib/gcc/avr/4.7.2/../../../../avr/lib/avr51/crtm1284p.o
                0x00000000                __vector_default
                0x00000000                __vectors
 *(.vectors)
 *(.progmem.gcc*)
 *(.progmem*)
                0x0000008c                . = ALIGN (0x2)
                0x0000008c                __trampolines_start = .
 *(.trampolines)
 .trampolines   0x0000008c        0x0 linker stubs
 *(.trampolines*)
                0x0000008c                __trampolines_end = .
 *(.jumptables)
 *(.jumptables*)
 *(.lowtext)
 *(.lowtext*)
                0x0000008c                __ctors_start = .
 *(.ctors)
                0x0000008c                __ctors_end = .
                0x0000008c                __dtors_start = .
 *(.dtors)
                0x0000008c                __dtors_end = .
 SORT(*)(.ctors)
 SORT(*)(.dtors)
 *(.init0)
 .init0         0x0000008c        0x0 c:/program files (x86)/atmel/atmel toolchain/avr8 gcc/native/3.4.2.1002/avr8-gnu-toolchain/bin/../lib/gcc/avr/4.7.2/../../../../avr/lib/avr51/crtm1284p.o
                0x0000008c                __init
 *(.init0)
 *(.init1)
 *(.init1)
 *(.init2)
 .init2         0x0000008c        0xc c:/program files (x86)/atmel/atmel toolchain/avr8 gcc/native/3.4.2.1002/avr8-gnu-toolchain/bin/../lib/gcc/avr/4.7.2/../../../../avr/lib/avr51/crtm1284p.o
 *(.init2)
 *(.init3)
 *(.init3)
 *(.init4)
 .init4         0x00000098       0x1a c:/program files (x86)/atmel/atmel toolchain/avr8 gcc/native/3.4.2.1002/avr8-gnu-toolchain/bin/../lib/gcc/avr/4.7.2/avr51\libgcc.a(_copy_data.o)
                0x00000098                __do_copy_data
 .init4         0x000000b2       0x10 c:/program files (x86)/atmel/atmel toolchain/avr8 gcc/native/3.4.2.1002/avr8-gnu-toolchain/bin/../lib/gcc/avr/4.7.2/avr51\libgcc.a(_clear_bss.o)
                0x000000b2                __do_clear_bss
 *(.init4)
 *(.init5)
 *(.init5)
 *(.init6)
 *(.init6)
 *(.init7)
 *(.init7)
 *(.init8)
 *(.init8)
 *(.init9)
 .init9         0x000000c2        0x6 c:/program files (x86)/atmel/atmel toolchain/avr8 gcc/native/3.4.2.1002/avr8-gnu-toolchain/bin/../lib/gcc/avr/4.7.2/../../../../avr/lib/avr51/crtm1284p.o
 *(.init9)
 *(.text)
 .text          0x000000c8        0x2 c:/program files (x86)/atmel/atmel toolchain/avr8 gcc/native/3.4.2.1002/avr8-gnu-toolchain/bin/../lib/gcc/avr/4.7.2/../../../../avr/lib/avr51/crtm1284p.o
                0x000000c8                __vector_22
                0x000000c8                __vector_1
                0x000000c8                __vector_32
                0x000000c8                __vector_34
                0x000000c8                __vector_24
                0x000000c8                __vector_12
                0x000000c8                __bad_interrupt
                0x000000c8                __vector_6
                0x000000c8                __vector_31
                0x000000c8                __vector_23
                0x000000c8                __vector_30
                0x000000c8                __vector_25
                0x000000c8                __vector_11
                0x000000c8                __vector_13
                0x000000c8                __vector_19
                0x000000c8                __vector_27
                0x000000c8                __vector_5
                0x000000c8                __vector_33
                0x000000c8                __vector_4
                0x000000c8                __vector_9
                0x000000c8                __vector_21
                0x000000c8                __vector_15
                0x000000c8                __vector_29
                0x000000c8                __vector_8
                0x000000c8                __vector_26
                0x000000c8                __vector_14
                0x000000c8                __vector_10
                0x000000c8                __vector_18
                0x000000ca                . = ALIGN (0x2)
 *(.text.*)
 .text.handleData
                0x000000ca       0x2a Bluetooth.o
                0x000000ca                handleData
 .text.bluetoothTX
                0x000000f4       0x10 Bluetooth.o
                0x000000f4                bluetoothTX
 .text.setupBluetoothRXTX
                0x00000104       0x1e Bluetooth.o
                0x00000104                setupBluetoothRXTX
 .text.TXbluetoothInstr
                0x00000122       0x52 Bluetooth.o
                0x00000122                TXbluetoothInstr
 .text.__vector_2
                0x00000174      0x110 Communication_Module.o
                0x00000174                __vector_2
 .text.__vector_3
                0x00000284       0x58 Communication_Module.o
                0x00000284                __vector_3
 .text.__vector_16
                0x000002dc       0x56 Communication_Module.o
                0x000002dc                __vector_16
 .text.__vector_17
                0x00000332       0x70 Communication_Module.o
                0x00000332                __vector_17
 .text.__vector_28
                0x000003a2       0x7c Communication_Module.o
                0x000003a2                __vector_28
 .text.initManualMode
                0x0000041e       0x2a Communication_Module.o
                0x0000041e                initManualMode
 .text.main     0x00000448       0x18 Communication_Module.o
                0x00000448                main
 .text.toggleMode
                0x00000460       0x54 Communication_Module.o
                0x00000460                toggleMode
 .text.__vector_7
                0x000004b4       0x4e Communication_Module.o
                0x000004b4                __vector_7
 .text.__vector_20
                0x00000502      0x10c Communication_Module.o
                0x00000502                __vector_20
 .text._hd44780_l_func
                0x0000060e      0x41c LCD_new.o
 .text.hd44780_l_clear_disp
                0x00000a2a       0x16 LCD_new.o
                0x00000a2a                hd44780_l_clear_disp
 .text.hd44780_l_ems
                0x00000a40       0x24 LCD_new.o
                0x00000a40                hd44780_l_ems
 .text.hd44780_l_disp
                0x00000a64       0x2a LCD_new.o
                0x00000a64                hd44780_l_disp
 .text.hd44780_l_fs
                0x00000a8e       0x2c LCD_new.o
                0x00000a8e                hd44780_l_fs
 .text.hd44780_l_write
                0x00000aba       0x16 LCD_new.o
                0x00000aba                hd44780_l_write
 .text.hd44780_l_init
                0x00000ad0      0x2c0 LCD_new.o
                0x00000ad0                hd44780_l_init
 .text.SPI_Init_Master
                0x00000d90       0x30 Master_communication.o
                0x00000d90                SPI_Init_Master
 .text.masterTX
                0x00000dc0       0x1e Master_communication.o
                0x00000dc0                masterTX
 .text.masterRX
                0x00000dde       0x20 Master_communication.o
                0x00000dde                masterRX
 .text.slaveSelect
                0x00000dfe       0x30 Master_communication.o
                0x00000dfe                slaveSelect
 .text.TXprotocol
                0x00000e2e       0x4a Master_communication.o
                0x00000e2e                TXprotocol
 .text.TXsensorData
                0x00000e78       0x16 Master_communication.o
                0x00000e78                TXsensorData
 .text.RXsensorData
                0x00000e8e       0x12 Master_communication.o
                0x00000e8e                RXsensorData
 .text.TXwheelData
                0x00000ea0       0x12 Master_communication.o
                0x00000ea0                TXwheelData
 .text.TXarmData
                0x00000eb2        0xe Master_communication.o
                0x00000eb2                TXarmData
 .text.TXKpData
                0x00000ec0       0x12 Master_communication.o
                0x00000ec0                TXKpData
 .text.TXKdData
                0x00000ed2       0x12 Master_communication.o
                0x00000ed2                TXKdData
 .text.TXDropItem
                0x00000ee4       0x12 Master_communication.o
                0x00000ee4                TXDropItem
 .text.TXCalibration
                0x00000ef6        0xc Master_communication.o
                0x00000ef6                TXCalibration
 .text.TXleaveStation
                0x00000f02        0xc Master_communication.o
                0x00000f02                TXleaveStation
 .text.waitForUserInputStartAbort
                0x00000f0e        0xe warehouseMode.o
                0x00000f0e                waitForUserInputStartAbort
 .text.waitForUserInputEndPickup
                0x00000f1c        0xe warehouseMode.o
                0x00000f1c                waitForUserInputEndPickup
 .text.waitForFinishedDrop
                0x00000f2a        0xe warehouseMode.o
                0x00000f2a                waitForFinishedDrop
 .text.identifyNewStreamCatalogNumber
                0x00000f38       0x7a warehouseMode.o
                0x00000f38                identifyNewStreamCatalogNumber
 .text.itemInHistory
                0x00000fb2       0x32 warehouseMode.o
                0x00000fb2                itemInHistory
 .text.identifyCargoCatalogNumber
                0x00000fe4       0x7a warehouseMode.o
                0x00000fe4                identifyCargoCatalogNumber
 .text.newStreamPairsWithCargo
                0x0000105e       0x5a warehouseMode.o
                0x0000105e                newStreamPairsWithCargo
 .text.addPairToHistory
                0x000010b8       0x6e warehouseMode.o
                0x000010b8                addPairToHistory
 .text.powerRFID
                0x00001126        0xc warehouseMode.o
                0x00001126                powerRFID
 .text.printOnLCD
                0x00001132       0x9e warehouseMode.o
                0x00001132                printOnLCD
 .text.deliveryMode
                0x000011d0       0x36 warehouseMode.o
                0x000011d0                deliveryMode
 .text.pickUpMode
                0x00001206       0x58 warehouseMode.o
                0x00001206                pickUpMode
 .text.stationMode
                0x0000125e       0x36 warehouseMode.o
                0x0000125e                stationMode
 .text.setupRFID
                0x00001294       0x26 warehouseMode.o
                0x00001294                setupRFID
 .text.setupWarehouse
                0x000012ba       0x26 warehouseMode.o
                0x000012ba                setupWarehouse
 .text.setupLCD
                0x000012e0       0xdc warehouseMode.o
                0x000012e0                setupLCD
                0x000013bc                . = ALIGN (0x2)
 *(.fini9)
 .fini9         0x000013bc        0x0 c:/program files (x86)/atmel/atmel toolchain/avr8 gcc/native/3.4.2.1002/avr8-gnu-toolchain/bin/../lib/gcc/avr/4.7.2/avr51\libgcc.a(_exit.o)
                0x000013bc                _exit
                0x000013bc                exit
 *(.fini9)
 *(.fini8)
 *(.fini8)
 *(.fini7)
 *(.fini7)
 *(.fini6)
 *(.fini6)
 *(.fini5)
 *(.fini5)
 *(.fini4)
 *(.fini4)
 *(.fini3)
 *(.fini3)
 *(.fini2)
 *(.fini2)
 *(.fini1)
 *(.fini1)
 *(.fini0)
 .fini0         0x000013bc        0x4 c:/program files (x86)/atmel/atmel toolchain/avr8 gcc/native/3.4.2.1002/avr8-gnu-toolchain/bin/../lib/gcc/avr/4.7.2/avr51\libgcc.a(_exit.o)
 *(.fini0)
                0x000013c0                _etext = .

.data           0x00800100       0xde load address 0x000013c0
                0x00800100                PROVIDE (__data_start, .)
 *(.data)
 .data          0x00800100        0x0 c:/program files (x86)/atmel/atmel toolchain/avr8 gcc/native/3.4.2.1002/avr8-gnu-toolchain/bin/../lib/gcc/avr/4.7.2/../../../../avr/lib/avr51/crtm1284p.o
 .data          0x00800100        0x0 Bluetooth.o
 .data          0x00800100        0x0 Communication_Module.o
 .data          0x00800100        0x0 LCD_new.o
 .data          0x00800100        0x0 Master_communication.o
 .data          0x00800100        0x0 warehouseMode.o
 .data          0x00800100        0x0 c:/program files (x86)/atmel/atmel toolchain/avr8 gcc/native/3.4.2.1002/avr8-gnu-toolchain/bin/../lib/gcc/avr/4.7.2/avr51\libgcc.a(_exit.o)
 .data          0x00800100        0x0 c:/program files (x86)/atmel/atmel toolchain/avr8 gcc/native/3.4.2.1002/avr8-gnu-toolchain/bin/../lib/gcc/avr/4.7.2/avr51\libgcc.a(_copy_data.o)
 .data          0x00800100        0x0 c:/program files (x86)/atmel/atmel toolchain/avr8 gcc/native/3.4.2.1002/avr8-gnu-toolchain/bin/../lib/gcc/avr/4.7.2/avr51\libgcc.a(_clear_bss.o)
 *(.data*)
 .data.catalog  0x00800100       0xb4 warehouseMode.o
                0x00800100                catalog
 .data.history  0x008001b4       0x12 warehouseMode.o
                0x008001b4                history
 .data.cargo    0x008001c6        0xc warehouseMode.o
                0x008001c6                cargo
 .data.newStream
                0x008001d2        0xc warehouseMode.o
                0x008001d2                newStream
 *(.rodata)
 *(.rodata*)
 *(.gnu.linkonce.d*)
                0x008001de                . = ALIGN (0x2)
                0x008001de                _edata = .
                0x008001de                PROVIDE (__data_end, .)

.bss            0x008001de       0x49
                0x008001de                PROVIDE (__bss_start, .)
 *(.bss)
 *(.bss*)
 *(COMMON)
 COMMON         0x008001de       0x49 Bluetooth.o
                0x008001de                automaticModeEnabled
                0x008001df                digit
                0x008001e0                RFID
                0x008001ea                btSensDataCnt
                0x008001eb                stationModeEnable
                0x008001ec                lineReadingCounter
                0x008001ed                stationLeftSensCounter
                0x008001ee                finishedDrop
                0x008001ef                carryItem
                0x008001f0                stationRightSensCounter
                0x008001f1                streamFilled
                0x008001f2                pickUpItem
                0x008001f3                received_data
                0x008001f4                armData
                0x008001f5                i
                0x008001f6                sensorData
                0x008001f7                btdata
                0x008001f8                stationRightSide
                0x008001f9                waitingForStartAbort
                0x008001fa                low_conf
                0x0080021e                waiting_for_instruction
                0x0080021f                Kd
                0x00800220                btcomponent
                0x00800221                Kp
                0x00800222                waitingForEndPickup
                0x00800223                historySize
                0x00800224                wheelData
                0x00800225                manualModeEnabled
                0x00800226                wantedData
                0x00800227                PROVIDE (__bss_end, .)
                0x000013c0                __data_load_start = LOADADDR (.data)
                0x0000149e                __data_load_end = (__data_load_start + SIZEOF (.data))

.noinit         0x00800227        0x0
                0x00800227                PROVIDE (__noinit_start, .)
 *(.noinit*)
                0x00800227                PROVIDE (__noinit_end, .)
                0x00800227                _end = .
                0x00800227                PROVIDE (__heap_start, .)

.eeprom         0x00810000        0x0
 *(.eeprom*)
                0x00810000                __eeprom_end = .

.fuse
 *(.fuse)
 *(.lfuse)
 *(.hfuse)
 *(.efuse)

.lock
 *(.lock*)

.signature
 *(.signature*)

.user_signatures
 *(.user_signatures*)

.stab           0x00000000      0x6cc
 *(.stab)
 .stab          0x00000000      0x6cc c:/program files (x86)/atmel/atmel toolchain/avr8 gcc/native/3.4.2.1002/avr8-gnu-toolchain/bin/../lib/gcc/avr/4.7.2/../../../../avr/lib/avr51/crtm1284p.o

.stabstr        0x00000000       0x97
 *(.stabstr)
 .stabstr       0x00000000       0x97 c:/program files (x86)/atmel/atmel toolchain/avr8 gcc/native/3.4.2.1002/avr8-gnu-toolchain/bin/../lib/gcc/avr/4.7.2/../../../../avr/lib/avr51/crtm1284p.o

.stab.excl
 *(.stab.excl)

.stab.exclstr
 *(.stab.exclstr)

.stab.index
 *(.stab.index)

.stab.indexstr
 *(.stab.indexstr)

.comment        0x00000000       0x2f
 *(.comment)
 .comment       0x00000000       0x2f Bluetooth.o
                                 0x30 (size before relaxing)
 .comment       0x00000000       0x30 Communication_Module.o
 .comment       0x00000000       0x30 LCD_new.o
 .comment       0x00000000       0x30 Master_communication.o
 .comment       0x00000000       0x30 warehouseMode.o

.debug
 *(.debug)

.line
 *(.line)

.debug_srcinfo
 *(.debug_srcinfo)

.debug_sfnames
 *(.debug_sfnames)

.debug_aranges  0x00000000      0x230
 *(.debug_aranges)
 .debug_aranges
                0x00000000       0x38 Bluetooth.o
 .debug_aranges
                0x00000038       0x68 Communication_Module.o
 .debug_aranges
                0x000000a0       0x70 LCD_new.o
 .debug_aranges
                0x00000110       0x88 Master_communication.o
 .debug_aranges
                0x00000198       0x98 warehouseMode.o

.debug_pubnames
 *(.debug_pubnames)

.debug_info     0x00000000     0x3265
 *(.debug_info)
 .debug_info    0x00000000      0x5b4 Bluetooth.o
 .debug_info    0x000005b4      0x7ce Communication_Module.o
 .debug_info    0x00000d82     0x10b8 LCD_new.o
 .debug_info    0x00001e3a      0x85e Master_communication.o
 .debug_info    0x00002698      0xbcd warehouseMode.o
 *(.gnu.linkonce.wi.*)

.debug_abbrev   0x00000000      0x84f
 *(.debug_abbrev)
 .debug_abbrev  0x00000000      0x136 Bluetooth.o
 .debug_abbrev  0x00000136      0x191 Communication_Module.o
 .debug_abbrev  0x000002c7      0x1d3 LCD_new.o
 .debug_abbrev  0x0000049a      0x166 Master_communication.o
 .debug_abbrev  0x00000600      0x24f warehouseMode.o

.debug_line     0x00000000     0x1708
 *(.debug_line)
 .debug_line    0x00000000      0x233 Bluetooth.o
 .debug_line    0x00000233      0x4d5 Communication_Module.o
 .debug_line    0x00000708      0x5da LCD_new.o
 .debug_line    0x00000ce2      0x3f0 Master_communication.o
 .debug_line    0x000010d2      0x636 warehouseMode.o

.debug_frame    0x00000000      0x718
 *(.debug_frame)
 .debug_frame   0x00000000       0x5c Bluetooth.o
 .debug_frame   0x0000005c      0x2ac Communication_Module.o
 .debug_frame   0x00000308      0x158 LCD_new.o
 .debug_frame   0x00000460      0x124 Master_communication.o
 .debug_frame   0x00000584      0x194 warehouseMode.o

.debug_str      0x00000000      0x7fd
 *(.debug_str)
 .debug_str     0x00000000      0x33e Bluetooth.o
                                0x399 (size before relaxing)
 .debug_str     0x0000033e      0x139 Communication_Module.o
                                0x49e (size before relaxing)
 .debug_str     0x00000477      0x1c6 LCD_new.o
                                0x323 (size before relaxing)
 .debug_str     0x0000063d       0x50 Master_communication.o
                                0x393 (size before relaxing)
 .debug_str     0x0000068d      0x170 warehouseMode.o
                                0x4d5 (size before relaxing)

.debug_loc      0x00000000     0x1f02
 *(.debug_loc)
 .debug_loc     0x00000000      0x165 Bluetooth.o
 .debug_loc     0x00000165      0x58d Communication_Module.o
 .debug_loc     0x000006f2     0x127e LCD_new.o
 .debug_loc     0x00001970      0x21e Master_communication.o
 .debug_loc     0x00001b8e      0x374 warehouseMode.o

.debug_macinfo
 *(.debug_macinfo)

.debug_pubtypes
 *(.debug_pubtypes)

.debug_ranges   0x00000000      0x1e0
 *(.debug_ranges)
 .debug_ranges  0x00000000       0x28 Bluetooth.o
 .debug_ranges  0x00000028       0x58 Communication_Module.o
 .debug_ranges  0x00000080       0x60 LCD_new.o
 .debug_ranges  0x000000e0       0x78 Master_communication.o
 .debug_ranges  0x00000158       0x88 warehouseMode.o

.debug_macro
 *(.debug_macro)
OUTPUT(Communication_Module.elf elf32-avr)
LOAD linker stubs
