Archive member included because of file (symbol)

c:/program files (x86)/atmel/atmel toolchain/avr8 gcc/native/3.4.2.1002/avr8-gnu-toolchain/bin/../lib/gcc/avr/4.7.2/avr51\libgcc.a(_exit.o)
                              c:/program files (x86)/atmel/atmel toolchain/avr8 gcc/native/3.4.2.1002/avr8-gnu-toolchain/bin/../lib/gcc/avr/4.7.2/../../../../avr/lib/avr51/crtm1284p.o (exit)
c:/program files (x86)/atmel/atmel toolchain/avr8 gcc/native/3.4.2.1002/avr8-gnu-toolchain/bin/../lib/gcc/avr/4.7.2/avr51\libgcc.a(_copy_data.o)
                              warehouseMode.o (__do_copy_data)
c:/program files (x86)/atmel/atmel toolchain/avr8 gcc/native/3.4.2.1002/avr8-gnu-toolchain/bin/../lib/gcc/avr/4.7.2/avr51\libgcc.a(_clear_bss.o)
                              Bluetooth_Receiver.o (__do_clear_bss)

Allocating common symbols
Common symbol       size              file

robot_arm_data      0x1               Bluetooth_Receiver.o
sensor_data         0x1               Bluetooth_Receiver.o
RFID                0xa               Bluetooth_Receiver.o
stationModeEnable   0x1               Bluetooth_Receiver.o
wanted_data         0x1               Bluetooth_Receiver.o
ws                  0x1               Bluetooth_Receiver.o
ss                  0x1               Bluetooth_Receiver.o
wheel_steering_data
                    0x1               Bluetooth_Receiver.o
rs                  0x1               Bluetooth_Receiver.o
component           0x1               Bluetooth_Receiver.o
received_data       0x1               Bluetooth_Receiver.o
i                   0x1               Bluetooth_Receiver.o
btdata              0x1               Bluetooth_Receiver.o
stationRightSide    0x1               Bluetooth_Receiver.o
as                  0x1               Bluetooth_Receiver.o
low_conf            0x24              Bluetooth_Receiver.o
waiting_for_instruction
                    0x1               Bluetooth_Receiver.o
Sensor_Slave        0x1               Bluetooth_Receiver.o
wr                  0x1               Bluetooth_Receiver.o
ar                  0x1               Bluetooth_Receiver.o
No_Slave            0x1               Bluetooth_Receiver.o
sr                  0x1               Bluetooth_Receiver.o
Control_Slave       0x1               Bluetooth_Receiver.o

Discarded input sections

 .bss           0x00000000        0x0 c:/program files (x86)/atmel/atmel toolchain/avr8 gcc/native/3.4.2.1002/avr8-gnu-toolchain/bin/../lib/gcc/avr/4.7.2/../../../../avr/lib/avr51/crtm1284p.o
 .text          0x00000000        0x0 Bluetooth_Receiver.o
 .bss           0x00000000        0x0 Bluetooth_Receiver.o
 .text          0x00000000        0x0 Communication_Module.o
 .bss           0x00000000        0x0 Communication_Module.o
 .text          0x00000000        0x0 LCD_new.o
 .bss           0x00000000        0x0 LCD_new.o
 .text.hd44780_l_return_home
                0x00000000       0x18 LCD_new.o
 .text.hd44780_l_ems
                0x00000000       0x26 LCD_new.o
 .text.hd44780_l_disp
                0x00000000       0x2c LCD_new.o
 .text.hd44780_l_cds
                0x00000000       0x32 LCD_new.o
 .text.hd44780_l_fs
                0x00000000       0x2e LCD_new.o
 .text.hd44780_l_set_cgram_addr
                0x00000000       0x1c LCD_new.o
 .text.hd44780_l_set_ddram_addr
                0x00000000       0x1a LCD_new.o
 .text.hd44780_l_init
                0x00000000      0x2c8 LCD_new.o
 .text          0x00000000        0x0 Master_communication.o
 .bss           0x00000000        0x0 Master_communication.o
 .text.RX_sensor_data
                0x00000000       0x22 Master_communication.o
 .text.RX_wheel_data
                0x00000000       0x22 Master_communication.o
 .text.RX_arm_data
                0x00000000       0x22 Master_communication.o
 .text.TX_RFID_data
                0x00000000       0x36 Master_communication.o
 .text          0x00000000        0x0 warehouseMode.o
 .bss           0x00000000        0x0 warehouseMode.o
 .text.SetupRFID
                0x00000000       0x20 warehouseMode.o
 .text.setupLCD
                0x00000000       0xd0 warehouseMode.o
 .text          0x00000000        0x0 c:/program files (x86)/atmel/atmel toolchain/avr8 gcc/native/3.4.2.1002/avr8-gnu-toolchain/bin/../lib/gcc/avr/4.7.2/avr51\libgcc.a(_exit.o)
 .bss           0x00000000        0x0 c:/program files (x86)/atmel/atmel toolchain/avr8 gcc/native/3.4.2.1002/avr8-gnu-toolchain/bin/../lib/gcc/avr/4.7.2/avr51\libgcc.a(_exit.o)
 .text.libgcc.mul
                0x00000000        0x0 c:/program files (x86)/atmel/atmel toolchain/avr8 gcc/native/3.4.2.1002/avr8-gnu-toolchain/bin/../lib/gcc/avr/4.7.2/avr51\libgcc.a(_exit.o)
 .text.libgcc.div
                0x00000000        0x0 c:/program files (x86)/atmel/atmel toolchain/avr8 gcc/native/3.4.2.1002/avr8-gnu-toolchain/bin/../lib/gcc/avr/4.7.2/avr51\libgcc.a(_exit.o)
 .text.libgcc   0x00000000        0x0 c:/program files (x86)/atmel/atmel toolchain/avr8 gcc/native/3.4.2.1002/avr8-gnu-toolchain/bin/../lib/gcc/avr/4.7.2/avr51\libgcc.a(_exit.o)
 .text.libgcc.prologue
                0x00000000        0x0 c:/program files (x86)/atmel/atmel toolchain/avr8 gcc/native/3.4.2.1002/avr8-gnu-toolchain/bin/../lib/gcc/avr/4.7.2/avr51\libgcc.a(_exit.o)
 .text.libgcc.builtins
                0x00000000        0x0 c:/program files (x86)/atmel/atmel toolchain/avr8 gcc/native/3.4.2.1002/avr8-gnu-toolchain/bin/../lib/gcc/avr/4.7.2/avr51\libgcc.a(_exit.o)
 .text.libgcc.fmul
                0x00000000        0x0 c:/program files (x86)/atmel/atmel toolchain/avr8 gcc/native/3.4.2.1002/avr8-gnu-toolchain/bin/../lib/gcc/avr/4.7.2/avr51\libgcc.a(_exit.o)
 .text          0x00000000        0x0 c:/program files (x86)/atmel/atmel toolchain/avr8 gcc/native/3.4.2.1002/avr8-gnu-toolchain/bin/../lib/gcc/avr/4.7.2/avr51\libgcc.a(_copy_data.o)
 .bss           0x00000000        0x0 c:/program files (x86)/atmel/atmel toolchain/avr8 gcc/native/3.4.2.1002/avr8-gnu-toolchain/bin/../lib/gcc/avr/4.7.2/avr51\libgcc.a(_copy_data.o)
 .text.libgcc.mul
                0x00000000        0x0 c:/program files (x86)/atmel/atmel toolchain/avr8 gcc/native/3.4.2.1002/avr8-gnu-toolchain/bin/../lib/gcc/avr/4.7.2/avr51\libgcc.a(_copy_data.o)
 .text.libgcc.div
                0x00000000        0x0 c:/program files (x86)/atmel/atmel toolchain/avr8 gcc/native/3.4.2.1002/avr8-gnu-toolchain/bin/../lib/gcc/avr/4.7.2/avr51\libgcc.a(_copy_data.o)
 .text.libgcc   0x00000000        0x0 c:/program files (x86)/atmel/atmel toolchain/avr8 gcc/native/3.4.2.1002/avr8-gnu-toolchain/bin/../lib/gcc/avr/4.7.2/avr51\libgcc.a(_copy_data.o)
 .text.libgcc.prologue
                0x00000000        0x0 c:/program files (x86)/atmel/atmel toolchain/avr8 gcc/native/3.4.2.1002/avr8-gnu-toolchain/bin/../lib/gcc/avr/4.7.2/avr51\libgcc.a(_copy_data.o)
 .text.libgcc.builtins
                0x00000000        0x0 c:/program files (x86)/atmel/atmel toolchain/avr8 gcc/native/3.4.2.1002/avr8-gnu-toolchain/bin/../lib/gcc/avr/4.7.2/avr51\libgcc.a(_copy_data.o)
 .text.libgcc.fmul
                0x00000000        0x0 c:/program files (x86)/atmel/atmel toolchain/avr8 gcc/native/3.4.2.1002/avr8-gnu-toolchain/bin/../lib/gcc/avr/4.7.2/avr51\libgcc.a(_copy_data.o)
 .text          0x00000000        0x0 c:/program files (x86)/atmel/atmel toolchain/avr8 gcc/native/3.4.2.1002/avr8-gnu-toolchain/bin/../lib/gcc/avr/4.7.2/avr51\libgcc.a(_clear_bss.o)
 .bss           0x00000000        0x0 c:/program files (x86)/atmel/atmel toolchain/avr8 gcc/native/3.4.2.1002/avr8-gnu-toolchain/bin/../lib/gcc/avr/4.7.2/avr51\libgcc.a(_clear_bss.o)
 .text.libgcc.mul
                0x00000000        0x0 c:/program files (x86)/atmel/atmel toolchain/avr8 gcc/native/3.4.2.1002/avr8-gnu-toolchain/bin/../lib/gcc/avr/4.7.2/avr51\libgcc.a(_clear_bss.o)
 .text.libgcc.div
                0x00000000        0x0 c:/program files (x86)/atmel/atmel toolchain/avr8 gcc/native/3.4.2.1002/avr8-gnu-toolchain/bin/../lib/gcc/avr/4.7.2/avr51\libgcc.a(_clear_bss.o)
 .text.libgcc   0x00000000        0x0 c:/program files (x86)/atmel/atmel toolchain/avr8 gcc/native/3.4.2.1002/avr8-gnu-toolchain/bin/../lib/gcc/avr/4.7.2/avr51\libgcc.a(_clear_bss.o)
 .text.libgcc.prologue
                0x00000000        0x0 c:/program files (x86)/atmel/atmel toolchain/avr8 gcc/native/3.4.2.1002/avr8-gnu-toolchain/bin/../lib/gcc/avr/4.7.2/avr51\libgcc.a(_clear_bss.o)
 .text.libgcc.builtins
                0x00000000        0x0 c:/program files (x86)/atmel/atmel toolchain/avr8 gcc/native/3.4.2.1002/avr8-gnu-toolchain/bin/../lib/gcc/avr/4.7.2/avr51\libgcc.a(_clear_bss.o)
 .text.libgcc.fmul
                0x00000000        0x0 c:/program files (x86)/atmel/atmel toolchain/avr8 gcc/native/3.4.2.1002/avr8-gnu-toolchain/bin/../lib/gcc/avr/4.7.2/avr51\libgcc.a(_clear_bss.o)

Memory Configuration

Name             Origin             Length             Attributes
text             0x00000000         0x00020000         xr
data             0x00800100         0x0000ff00         rw !x
eeprom           0x00810000         0x00010000         rw !x
fuse             0x00820000         0x00000400         rw !x
lock             0x00830000         0x00000400         rw !x
signature        0x00840000         0x00000400         rw !x
user_signatures  0x00850000         0x00000400         rw !x
*default*        0x00000000         0xffffffff

Linker script and memory map

Address of section .data set to 0x800100
LOAD c:/program files (x86)/atmel/atmel toolchain/avr8 gcc/native/3.4.2.1002/avr8-gnu-toolchain/bin/../lib/gcc/avr/4.7.2/../../../../avr/lib/avr51/crtm1284p.o
LOAD Bluetooth_Receiver.o
LOAD Communication_Module.o
LOAD LCD_new.o
LOAD Master_communication.o
LOAD warehouseMode.o
START GROUP
LOAD c:/program files (x86)/atmel/atmel toolchain/avr8 gcc/native/3.4.2.1002/avr8-gnu-toolchain/bin/../lib/gcc/avr/4.7.2/../../../../avr/lib/avr51\libm.a
END GROUP
LOAD c:/program files (x86)/atmel/atmel toolchain/avr8 gcc/native/3.4.2.1002/avr8-gnu-toolchain/bin/../lib/gcc/avr/4.7.2/avr51\libgcc.a
LOAD c:/program files (x86)/atmel/atmel toolchain/avr8 gcc/native/3.4.2.1002/avr8-gnu-toolchain/bin/../lib/gcc/avr/4.7.2/../../../../avr/lib/avr51\libc.a
LOAD c:/program files (x86)/atmel/atmel toolchain/avr8 gcc/native/3.4.2.1002/avr8-gnu-toolchain/bin/../lib/gcc/avr/4.7.2/avr51\libgcc.a

.hash
 *(.hash)

.dynsym
 *(.dynsym)

.dynstr
 *(.dynstr)

.gnu.version
 *(.gnu.version)

.gnu.version_d
 *(.gnu.version_d)

.gnu.version_r
 *(.gnu.version_r)

.rel.init
 *(.rel.init)

.rela.init
 *(.rela.init)

.rel.text
 *(.rel.text)
 *(.rel.text.*)
 *(.rel.gnu.linkonce.t*)

.rela.text
 *(.rela.text)
 *(.rela.text.*)
 *(.rela.gnu.linkonce.t*)

.rel.fini
 *(.rel.fini)

.rela.fini
 *(.rela.fini)

.rel.rodata
 *(.rel.rodata)
 *(.rel.rodata.*)
 *(.rel.gnu.linkonce.r*)

.rela.rodata
 *(.rela.rodata)
 *(.rela.rodata.*)
 *(.rela.gnu.linkonce.r*)

.rel.data
 *(.rel.data)
 *(.rel.data.*)
 *(.rel.gnu.linkonce.d*)

.rela.data
 *(.rela.data)
 *(.rela.data.*)
 *(.rela.gnu.linkonce.d*)

.rel.ctors
 *(.rel.ctors)

.rela.ctors
 *(.rela.ctors)

.rel.dtors
 *(.rel.dtors)

.rela.dtors
 *(.rela.dtors)

.rel.got
 *(.rel.got)

.rela.got
 *(.rela.got)

.rel.bss
 *(.rel.bss)

.rela.bss
 *(.rela.bss)

.rel.plt
 *(.rel.plt)

.rela.plt
 *(.rela.plt)

.text           0x00000000      0xb30
 *(.vectors)
 .vectors       0x00000000       0x8c c:/program files (x86)/atmel/atmel toolchain/avr8 gcc/native/3.4.2.1002/avr8-gnu-toolchain/bin/../lib/gcc/avr/4.7.2/../../../../avr/lib/avr51/crtm1284p.o
                0x00000000                __vector_default
                0x00000000                __vectors
 *(.vectors)
 *(.progmem.gcc*)
 *(.progmem*)
                0x0000008c                . = ALIGN (0x2)
                0x0000008c                __trampolines_start = .
 *(.trampolines)
 .trampolines   0x0000008c        0x0 linker stubs
 *(.trampolines*)
                0x0000008c                __trampolines_end = .
 *(.jumptables)
 *(.jumptables*)
 *(.lowtext)
 *(.lowtext*)
                0x0000008c                __ctors_start = .
 *(.ctors)
                0x0000008c                __ctors_end = .
                0x0000008c                __dtors_start = .
 *(.dtors)
                0x0000008c                __dtors_end = .
 SORT(*)(.ctors)
 SORT(*)(.dtors)
 *(.init0)
 .init0         0x0000008c        0x0 c:/program files (x86)/atmel/atmel toolchain/avr8 gcc/native/3.4.2.1002/avr8-gnu-toolchain/bin/../lib/gcc/avr/4.7.2/../../../../avr/lib/avr51/crtm1284p.o
                0x0000008c                __init
 *(.init0)
 *(.init1)
 *(.init1)
 *(.init2)
 .init2         0x0000008c        0xc c:/program files (x86)/atmel/atmel toolchain/avr8 gcc/native/3.4.2.1002/avr8-gnu-toolchain/bin/../lib/gcc/avr/4.7.2/../../../../avr/lib/avr51/crtm1284p.o
 *(.init2)
 *(.init3)
 *(.init3)
 *(.init4)
 .init4         0x00000098       0x1a c:/program files (x86)/atmel/atmel toolchain/avr8 gcc/native/3.4.2.1002/avr8-gnu-toolchain/bin/../lib/gcc/avr/4.7.2/avr51\libgcc.a(_copy_data.o)
                0x00000098                __do_copy_data
 .init4         0x000000b2       0x10 c:/program files (x86)/atmel/atmel toolchain/avr8 gcc/native/3.4.2.1002/avr8-gnu-toolchain/bin/../lib/gcc/avr/4.7.2/avr51\libgcc.a(_clear_bss.o)
                0x000000b2                __do_clear_bss
 *(.init4)
 *(.init5)
 *(.init5)
 *(.init6)
 *(.init6)
 *(.init7)
 *(.init7)
 *(.init8)
 *(.init8)
 *(.init9)
 .init9         0x000000c2        0x4 c:/program files (x86)/atmel/atmel toolchain/avr8 gcc/native/3.4.2.1002/avr8-gnu-toolchain/bin/../lib/gcc/avr/4.7.2/../../../../avr/lib/avr51/crtm1284p.o
 *(.init9)
 *(.text)
 .text          0x000000c6        0x2 c:/program files (x86)/atmel/atmel toolchain/avr8 gcc/native/3.4.2.1002/avr8-gnu-toolchain/bin/../lib/gcc/avr/4.7.2/../../../../avr/lib/avr51/crtm1284p.o
                0x000000c6                __vector_22
                0x000000c6                __vector_1
                0x000000c6                __vector_32
                0x000000c6                __vector_34
                0x000000c6                __vector_24
                0x000000c6                __vector_12
                0x000000c6                __bad_interrupt
                0x000000c6                __vector_6
                0x000000c6                __vector_31
                0x000000c6                __vector_23
                0x000000c6                __vector_30
                0x000000c6                __vector_25
                0x000000c6                __vector_11
                0x000000c6                __vector_13
                0x000000c6                __vector_19
                0x000000c6                __vector_7
                0x000000c6                __vector_27
                0x000000c6                __vector_5
                0x000000c6                __vector_33
                0x000000c6                __vector_4
                0x000000c6                __vector_9
                0x000000c6                __vector_21
                0x000000c6                __vector_15
                0x000000c6                __vector_29
                0x000000c6                __vector_8
                0x000000c6                __vector_26
                0x000000c6                __vector_14
                0x000000c6                __vector_10
                0x000000c6                __vector_18
                0x000000c8                . = ALIGN (0x2)
 *(.text.*)
 .text.handleData
                0x000000c8       0x20 Bluetooth_Receiver.o
                0x000000c8                handleData
 .text.setupBluetoothRXTX
                0x000000e8       0x1e Bluetooth_Receiver.o
                0x000000e8                setupBluetoothRXTX
 .text.__vector_2
                0x00000106       0x9a Communication_Module.o
                0x00000106                __vector_2
 .text.__vector_3
                0x000001a0       0x74 Communication_Module.o
                0x000001a0                __vector_3
 .text.__vector_16
                0x00000214       0x14 Communication_Module.o
                0x00000214                __vector_16
 .text.__vector_17
                0x00000228       0x14 Communication_Module.o
                0x00000228                __vector_17
 .text.__vector_20
                0x0000023c       0xb4 Communication_Module.o
                0x0000023c                __vector_20
 .text.__vector_28
                0x000002f0       0x78 Communication_Module.o
                0x000002f0                __vector_28
 .text.main     0x00000368       0x12 Communication_Module.o
                0x00000368                main
 .text._hd44780_l_func
                0x0000037a      0x41c LCD_new.o
 .text.hd44780_l_clear_disp
                0x00000796       0x16 LCD_new.o
                0x00000796                hd44780_l_clear_disp
 .text.hd44780_l_write
                0x000007ac       0x16 LCD_new.o
                0x000007ac                hd44780_l_write
 .text.SPI_Init_Master
                0x000007c2       0x66 Master_communication.o
                0x000007c2                SPI_Init_Master
 .text.Master_TX
                0x00000828       0x1e Master_communication.o
                0x00000828                Master_TX
 .text.Master_RX
                0x00000846       0x20 Master_communication.o
                0x00000846                Master_RX
 .text.Slave_Select
                0x00000866       0x38 Master_communication.o
                0x00000866                Slave_Select
 .text.TX_Protocol
                0x0000089e       0x56 Master_communication.o
                0x0000089e                TX_Protocol
 .text.TX_sensor_data
                0x000008f4       0x1e Master_communication.o
                0x000008f4                TX_sensor_data
 .text.TX_wheel_data
                0x00000912       0x12 Master_communication.o
                0x00000912                TX_wheel_data
 .text.TX_arm_data
                0x00000924       0x12 Master_communication.o
                0x00000924                TX_arm_data
 .text.waitForUserInputStartAbort
                0x00000936       0x10 warehouseMode.o
                0x00000936                waitForUserInputStartAbort
 .text.waitForUserInputEndPickup
                0x00000946       0x10 warehouseMode.o
                0x00000946                waitForUserInputEndPickup
 .text.itemInHistory
                0x00000956       0x66 warehouseMode.o
                0x00000956                itemInHistory
 .text.cargoEqualsNewStream
                0x000009bc       0x32 warehouseMode.o
                0x000009bc                cargoEqualsNewStream
 .text.powerRFID
                0x000009ee        0x2 warehouseMode.o
                0x000009ee                powerRFID
 .text.printOnLCD
                0x000009f0       0x9e warehouseMode.o
                0x000009f0                printOnLCD
 .text.deliveryMode
                0x00000a8e       0x4a warehouseMode.o
                0x00000a8e                deliveryMode
 .text.pickUpMode
                0x00000ad8       0x32 warehouseMode.o
                0x00000ad8                pickUpMode
 .text.stationMode
                0x00000b0a       0x22 warehouseMode.o
                0x00000b0a                stationMode
                0x00000b2c                . = ALIGN (0x2)
 *(.fini9)
 .fini9         0x00000b2c        0x0 c:/program files (x86)/atmel/atmel toolchain/avr8 gcc/native/3.4.2.1002/avr8-gnu-toolchain/bin/../lib/gcc/avr/4.7.2/avr51\libgcc.a(_exit.o)
                0x00000b2c                _exit
                0x00000b2c                exit
 *(.fini9)
 *(.fini8)
 *(.fini8)
 *(.fini7)
 *(.fini7)
 *(.fini6)
 *(.fini6)
 *(.fini5)
 *(.fini5)
 *(.fini4)
 *(.fini4)
 *(.fini3)
 *(.fini3)
 *(.fini2)
 *(.fini2)
 *(.fini1)
 *(.fini1)
 *(.fini0)
 .fini0         0x00000b2c        0x4 c:/program files (x86)/atmel/atmel toolchain/avr8 gcc/native/3.4.2.1002/avr8-gnu-toolchain/bin/../lib/gcc/avr/4.7.2/avr51\libgcc.a(_exit.o)
 *(.fini0)
                0x00000b30                _etext = .

.data           0x00800100       0x3c load address 0x00000b30
                0x00800100                PROVIDE (__data_start, .)
 *(.data)
 .data          0x00800100        0x0 c:/program files (x86)/atmel/atmel toolchain/avr8 gcc/native/3.4.2.1002/avr8-gnu-toolchain/bin/../lib/gcc/avr/4.7.2/../../../../avr/lib/avr51/crtm1284p.o
 .data          0x00800100        0x0 Bluetooth_Receiver.o
 .data          0x00800100        0x0 Communication_Module.o
 .data          0x00800100        0x0 LCD_new.o
 .data          0x00800100        0x0 Master_communication.o
 .data          0x00800100        0x0 warehouseMode.o
 .data          0x00800100        0x0 c:/program files (x86)/atmel/atmel toolchain/avr8 gcc/native/3.4.2.1002/avr8-gnu-toolchain/bin/../lib/gcc/avr/4.7.2/avr51\libgcc.a(_exit.o)
 .data          0x00800100        0x0 c:/program files (x86)/atmel/atmel toolchain/avr8 gcc/native/3.4.2.1002/avr8-gnu-toolchain/bin/../lib/gcc/avr/4.7.2/avr51\libgcc.a(_copy_data.o)
 .data          0x00800100        0x0 c:/program files (x86)/atmel/atmel toolchain/avr8 gcc/native/3.4.2.1002/avr8-gnu-toolchain/bin/../lib/gcc/avr/4.7.2/avr51\libgcc.a(_clear_bss.o)
 *(.data*)
 .data.history  0x00800100       0x24 warehouseMode.o
                0x00800100                history
 .data.cargo    0x00800124        0xc warehouseMode.o
                0x00800124                cargo
 .data.newStream
                0x00800130        0xc warehouseMode.o
                0x00800130                newStream
 *(.rodata)
 *(.rodata*)
 *(.gnu.linkonce.d*)
                0x0080013c                . = ALIGN (0x2)
                0x0080013c                _edata = .
                0x0080013c                PROVIDE (__data_end, .)

.bss            0x0080013c       0x4a
                0x0080013c                PROVIDE (__bss_start, .)
 *(.bss)
 *(.bss*)
 .bss.historySize
                0x0080013c        0x1 warehouseMode.o
                0x0080013c                historySize
 .bss.digit     0x0080013d        0x1 warehouseMode.o
                0x0080013d                digit
 .bss.waitingForEndPickup
                0x0080013e        0x1 warehouseMode.o
                0x0080013e                waitingForEndPickup
 .bss.waitingForStartAbort
                0x0080013f        0x1 warehouseMode.o
                0x0080013f                waitingForStartAbort
 .bss.pickUpItem
                0x00800140        0x1 warehouseMode.o
                0x00800140                pickUpItem
 .bss.carryItem
                0x00800141        0x1 warehouseMode.o
                0x00800141                carryItem
 .bss.streamFilled
                0x00800142        0x1 warehouseMode.o
                0x00800142                streamFilled
 *(COMMON)
 COMMON         0x00800143       0x43 Bluetooth_Receiver.o
                0x00800143                robot_arm_data
                0x00800144                sensor_data
                0x00800145                RFID
                0x0080014f                stationModeEnable
                0x00800150                wanted_data
                0x00800151                ws
                0x00800152                ss
                0x00800153                wheel_steering_data
                0x00800154                rs
                0x00800155                component
                0x00800156                received_data
                0x00800157                i
                0x00800158                btdata
                0x00800159                stationRightSide
                0x0080015a                as
                0x0080015b                low_conf
                0x0080017f                waiting_for_instruction
                0x00800180                Sensor_Slave
                0x00800181                wr
                0x00800182                ar
                0x00800183                No_Slave
                0x00800184                sr
                0x00800185                Control_Slave
                0x00800186                PROVIDE (__bss_end, .)
                0x00000b30                __data_load_start = LOADADDR (.data)
                0x00000b6c                __data_load_end = (__data_load_start + SIZEOF (.data))

.noinit         0x00800186        0x0
                0x00800186                PROVIDE (__noinit_start, .)
 *(.noinit*)
                0x00800186                PROVIDE (__noinit_end, .)
                0x00800186                _end = .
                0x00800186                PROVIDE (__heap_start, .)

.eeprom         0x00810000        0x0
 *(.eeprom*)
                0x00810000                __eeprom_end = .

.fuse
 *(.fuse)
 *(.lfuse)
 *(.hfuse)
 *(.efuse)

.lock
 *(.lock*)

.signature
 *(.signature*)

.user_signatures
 *(.user_signatures*)

.stab           0x00000000      0x6cc
 *(.stab)
 .stab          0x00000000      0x6cc c:/program files (x86)/atmel/atmel toolchain/avr8 gcc/native/3.4.2.1002/avr8-gnu-toolchain/bin/../lib/gcc/avr/4.7.2/../../../../avr/lib/avr51/crtm1284p.o

.stabstr        0x00000000       0x97
 *(.stabstr)
 .stabstr       0x00000000       0x97 c:/program files (x86)/atmel/atmel toolchain/avr8 gcc/native/3.4.2.1002/avr8-gnu-toolchain/bin/../lib/gcc/avr/4.7.2/../../../../avr/lib/avr51/crtm1284p.o

.stab.excl
 *(.stab.excl)

.stab.exclstr
 *(.stab.exclstr)

.stab.index
 *(.stab.index)

.stab.indexstr
 *(.stab.indexstr)

.comment        0x00000000       0x2f
 *(.comment)
 .comment       0x00000000       0x2f Bluetooth_Receiver.o
                                 0x30 (size before relaxing)
 .comment       0x00000000       0x30 Communication_Module.o
 .comment       0x00000000       0x30 LCD_new.o
 .comment       0x00000000       0x30 Master_communication.o
 .comment       0x00000000       0x30 warehouseMode.o

.debug
 *(.debug)

.line
 *(.line)

.debug_srcinfo
 *(.debug_srcinfo)

.debug_sfnames
 *(.debug_sfnames)

.debug_aranges  0x00000000      0x1d0
 *(.debug_aranges)
 .debug_aranges
                0x00000000       0x28 Bluetooth_Receiver.o
 .debug_aranges
                0x00000028       0x50 Communication_Module.o
 .debug_aranges
                0x00000078       0x70 LCD_new.o
 .debug_aranges
                0x000000e8       0x78 Master_communication.o
 .debug_aranges
                0x00000160       0x70 warehouseMode.o

.debug_pubnames
 *(.debug_pubnames)

.debug_info     0x00000000     0x28c4
 *(.debug_info)
 .debug_info    0x00000000      0x4ae Bluetooth_Receiver.o
 .debug_info    0x000004ae      0x66e Communication_Module.o
 .debug_info    0x00000b1c     0x10b8 LCD_new.o
 .debug_info    0x00001bd4      0x4ce Master_communication.o
 .debug_info    0x000020a2      0x822 warehouseMode.o
 *(.gnu.linkonce.wi.*)

.debug_abbrev   0x00000000      0x7ae
 *(.debug_abbrev)
 .debug_abbrev  0x00000000       0xe9 Bluetooth_Receiver.o
 .debug_abbrev  0x000000e9      0x17b Communication_Module.o
 .debug_abbrev  0x00000264      0x1d3 LCD_new.o
 .debug_abbrev  0x00000437      0x162 Master_communication.o
 .debug_abbrev  0x00000599      0x215 warehouseMode.o

.debug_line     0x00000000     0x1255
 *(.debug_line)
 .debug_line    0x00000000      0x17b Bluetooth_Receiver.o
 .debug_line    0x0000017b      0x2f5 Communication_Module.o
 .debug_line    0x00000470      0x5da LCD_new.o
 .debug_line    0x00000a4a      0x3c9 Master_communication.o
 .debug_line    0x00000e13      0x442 warehouseMode.o

.debug_frame    0x00000000      0x550
 *(.debug_frame)
 .debug_frame   0x00000000       0x34 Bluetooth_Receiver.o
 .debug_frame   0x00000034      0x1bc Communication_Module.o
 .debug_frame   0x000001f0      0x158 LCD_new.o
 .debug_frame   0x00000348      0x118 Master_communication.o
 .debug_frame   0x00000460       0xf0 warehouseMode.o

.debug_str      0x00000000      0x66a
 *(.debug_str)
 .debug_str     0x00000000      0x2d9 Bluetooth_Receiver.o
                                0x31e (size before relaxing)
 .debug_str     0x000002d9       0xcd Communication_Module.o
                                0x3cc (size before relaxing)
 .debug_str     0x000003a6      0x179 LCD_new.o
                                0x323 (size before relaxing)
 .debug_str     0x0000051f       0x6e Master_communication.o
                                0x22f (size before relaxing)
 .debug_str     0x0000058d       0xdd warehouseMode.o
                                0x3a5 (size before relaxing)

.debug_loc      0x00000000     0x19fc
 *(.debug_loc)
 .debug_loc     0x00000000       0x21 Bluetooth_Receiver.o
 .debug_loc     0x00000021      0x38a Communication_Module.o
 .debug_loc     0x000003ab     0x127e LCD_new.o
 .debug_loc     0x00001629      0x249 Master_communication.o
 .debug_loc     0x00001872      0x18a warehouseMode.o

.debug_macinfo
 *(.debug_macinfo)

.debug_pubtypes
 *(.debug_pubtypes)

.debug_ranges   0x00000000      0x1d0
 *(.debug_ranges)
 .debug_ranges  0x00000000       0x18 Bluetooth_Receiver.o
 .debug_ranges  0x00000018       0x40 Communication_Module.o
 .debug_ranges  0x00000058       0x60 LCD_new.o
 .debug_ranges  0x000000b8       0x68 Master_communication.o
 .debug_ranges  0x00000120       0xb0 warehouseMode.o

.debug_macro
 *(.debug_macro)
OUTPUT(Communication_Module.elf elf32-avr)
LOAD linker stubs
